Archive member included to satisfy reference by file (symbol)

d:/ac6/systemworkbench/plugins/fr.ac6.mcu.externaltools.arm-none.win32_1.16.0.201807130628/tools/compiler/bin/../lib/gcc/arm-none-eabi/7.2.1/../../../../arm-none-eabi/lib/thumb/v7e-m/fpv4-sp/hard\libc.a(lib_a-errno.o)
                              src/syscalls.o (__errno)
d:/ac6/systemworkbench/plugins/fr.ac6.mcu.externaltools.arm-none.win32_1.16.0.201807130628/tools/compiler/bin/../lib/gcc/arm-none-eabi/7.2.1/../../../../arm-none-eabi/lib/thumb/v7e-m/fpv4-sp/hard\libc.a(lib_a-exit.o)
                              d:/ac6/systemworkbench/plugins/fr.ac6.mcu.externaltools.arm-none.win32_1.16.0.201807130628/tools/compiler/bin/../lib/gcc/arm-none-eabi/7.2.1/../../../../arm-none-eabi/lib/thumb/v7e-m/fpv4-sp/hard/crt0.o (exit)
d:/ac6/systemworkbench/plugins/fr.ac6.mcu.externaltools.arm-none.win32_1.16.0.201807130628/tools/compiler/bin/../lib/gcc/arm-none-eabi/7.2.1/../../../../arm-none-eabi/lib/thumb/v7e-m/fpv4-sp/hard\libc.a(lib_a-impure.o)
                              d:/ac6/systemworkbench/plugins/fr.ac6.mcu.externaltools.arm-none.win32_1.16.0.201807130628/tools/compiler/bin/../lib/gcc/arm-none-eabi/7.2.1/../../../../arm-none-eabi/lib/thumb/v7e-m/fpv4-sp/hard\libc.a(lib_a-exit.o) (_global_impure_ptr)
d:/ac6/systemworkbench/plugins/fr.ac6.mcu.externaltools.arm-none.win32_1.16.0.201807130628/tools/compiler/bin/../lib/gcc/arm-none-eabi/7.2.1/../../../../arm-none-eabi/lib/thumb/v7e-m/fpv4-sp/hard\libc.a(lib_a-init.o)
                              d:/ac6/systemworkbench/plugins/fr.ac6.mcu.externaltools.arm-none.win32_1.16.0.201807130628/tools/compiler/bin/../lib/gcc/arm-none-eabi/7.2.1/../../../../arm-none-eabi/lib/thumb/v7e-m/fpv4-sp/hard/crt0.o (__libc_init_array)
d:/ac6/systemworkbench/plugins/fr.ac6.mcu.externaltools.arm-none.win32_1.16.0.201807130628/tools/compiler/bin/../lib/gcc/arm-none-eabi/7.2.1/../../../../arm-none-eabi/lib/thumb/v7e-m/fpv4-sp/hard\libc.a(lib_a-memcmp.o)
                              Third-Party/SEGGER/OS/SEGGER_SYSVIEW_FreeRTOS.o (memcmp)
d:/ac6/systemworkbench/plugins/fr.ac6.mcu.externaltools.arm-none.win32_1.16.0.201807130628/tools/compiler/bin/../lib/gcc/arm-none-eabi/7.2.1/../../../../arm-none-eabi/lib/thumb/v7e-m/fpv4-sp/hard\libc.a(lib_a-memcpy.o)
                              Third-Party/FreeRTOS/org/Source/queue.o (memcpy)
d:/ac6/systemworkbench/plugins/fr.ac6.mcu.externaltools.arm-none.win32_1.16.0.201807130628/tools/compiler/bin/../lib/gcc/arm-none-eabi/7.2.1/../../../../arm-none-eabi/lib/thumb/v7e-m/fpv4-sp/hard\libc.a(lib_a-memset.o)
                              d:/ac6/systemworkbench/plugins/fr.ac6.mcu.externaltools.arm-none.win32_1.16.0.201807130628/tools/compiler/bin/../lib/gcc/arm-none-eabi/7.2.1/../../../../arm-none-eabi/lib/thumb/v7e-m/fpv4-sp/hard/crt0.o (memset)
d:/ac6/systemworkbench/plugins/fr.ac6.mcu.externaltools.arm-none.win32_1.16.0.201807130628/tools/compiler/bin/../lib/gcc/arm-none-eabi/7.2.1/../../../../arm-none-eabi/lib/thumb/v7e-m/fpv4-sp/hard\libc.a(lib_a-sprintf.o)
                              src/main.o (sprintf)
d:/ac6/systemworkbench/plugins/fr.ac6.mcu.externaltools.arm-none.win32_1.16.0.201807130628/tools/compiler/bin/../lib/gcc/arm-none-eabi/7.2.1/../../../../arm-none-eabi/lib/thumb/v7e-m/fpv4-sp/hard\libc.a(lib_a-strlen.o)
                              Third-Party/SEGGER/SEGGER/SEGGER_RTT.o (strlen)
d:/ac6/systemworkbench/plugins/fr.ac6.mcu.externaltools.arm-none.win32_1.16.0.201807130628/tools/compiler/bin/../lib/gcc/arm-none-eabi/7.2.1/../../../../arm-none-eabi/lib/thumb/v7e-m/fpv4-sp/hard\libc.a(lib_a-svfprintf.o)
                              d:/ac6/systemworkbench/plugins/fr.ac6.mcu.externaltools.arm-none.win32_1.16.0.201807130628/tools/compiler/bin/../lib/gcc/arm-none-eabi/7.2.1/../../../../arm-none-eabi/lib/thumb/v7e-m/fpv4-sp/hard\libc.a(lib_a-sprintf.o) (_svfprintf_r)
d:/ac6/systemworkbench/plugins/fr.ac6.mcu.externaltools.arm-none.win32_1.16.0.201807130628/tools/compiler/bin/../lib/gcc/arm-none-eabi/7.2.1/../../../../arm-none-eabi/lib/thumb/v7e-m/fpv4-sp/hard\libc.a(lib_a-__call_atexit.o)
                              d:/ac6/systemworkbench/plugins/fr.ac6.mcu.externaltools.arm-none.win32_1.16.0.201807130628/tools/compiler/bin/../lib/gcc/arm-none-eabi/7.2.1/../../../../arm-none-eabi/lib/thumb/v7e-m/fpv4-sp/hard\libc.a(lib_a-exit.o) (__call_exitprocs)
d:/ac6/systemworkbench/plugins/fr.ac6.mcu.externaltools.arm-none.win32_1.16.0.201807130628/tools/compiler/bin/../lib/gcc/arm-none-eabi/7.2.1/../../../../arm-none-eabi/lib/thumb/v7e-m/fpv4-sp/hard\libc.a(lib_a-atexit.o)
                              d:/ac6/systemworkbench/plugins/fr.ac6.mcu.externaltools.arm-none.win32_1.16.0.201807130628/tools/compiler/bin/../lib/gcc/arm-none-eabi/7.2.1/../../../../arm-none-eabi/lib/thumb/v7e-m/fpv4-sp/hard\libc.a(lib_a-__call_atexit.o) (atexit)
[...]
Memory Configuration

Name             Origin             Length             Attributes
RAM              0x20000000         0x00020000         xrw
ROM              0x08000000         0x00080000         xr
*default*        0x00000000         0xffffffff

Linker script and memory map

LOAD d:/ac6/systemworkbench/plugins/fr.ac6.mcu.externaltools.arm-none.win32_1.16.0.201807130628/tools/compiler/bin/../lib/gcc/arm-none-eabi/7.2.1/thumb/v7e-m/fpv4-sp/hard/crti.o
LOAD d:/ac6/systemworkbench/plugins/fr.ac6.mcu.externaltools.arm-none.win32_1.16.0.201807130628/tools/compiler/bin/../lib/gcc/arm-none-eabi/7.2.1/thumb/v7e-m/fpv4-sp/hard/crtbegin.o
LOAD d:/ac6/systemworkbench/plugins/fr.ac6.mcu.externaltools.arm-none.win32_1.16.0.201807130628/tools/compiler/bin/../lib/gcc/arm-none-eabi/7.2.1/../../../../arm-none-eabi/lib/thumb/v7e-m/fpv4-sp/hard/crt0.o
LOAD StdPeriph_Driver/src/misc.o
LOAD StdPeriph_Driver/src/stm32f4xx_adc.o
LOAD StdPeriph_Driver/src/stm32f4xx_can.o
LOAD StdPeriph_Driver/src/stm32f4xx_cec.o
LOAD StdPeriph_Driver/src/stm32f4xx_crc.o
LOAD StdPeriph_Driver/src/stm32f4xx_cryp.o
LOAD StdPeriph_Driver/src/stm32f4xx_cryp_aes.o
LOAD StdPeriph_Driver/src/stm32f4xx_cryp_des.o
LOAD StdPeriph_Driver/src/stm32f4xx_cryp_tdes.o
LOAD StdPeriph_Driver/src/stm32f4xx_dac.o
LOAD StdPeriph_Driver/src/stm32f4xx_dbgmcu.o
LOAD StdPeriph_Driver/src/stm32f4xx_dcmi.o
LOAD StdPeriph_Driver/src/stm32f4xx_dfsdm.o
LOAD StdPeriph_Driver/src/stm32f4xx_dma.o
LOAD StdPeriph_Driver/src/stm32f4xx_dma2d.o
LOAD StdPeriph_Driver/src/stm32f4xx_dsi.o
LOAD StdPeriph_Driver/src/stm32f4xx_exti.o
LOAD StdPeriph_Driver/src/stm32f4xx_flash.o
LOAD StdPeriph_Driver/src/stm32f4xx_flash_ramfunc.o
LOAD StdPeriph_Driver/src/stm32f4xx_fmc.o
LOAD StdPeriph_Driver/src/stm32f4xx_fmip2c.o
LOAD StdPeriph_Driver/src/stm32f4xx_fsmc.o
LOAD StdPeriph_Driver/src/stm32f4xx_gpio.o
LOAD StdPeriph_Driver/src/stm32f4xx_hash.o
LOAD StdPeriph_Driver/src/stm32f4xx_hash_md5.o
LOAD StdPeriph_Driver/src/stm32f4xx_hash_sha1.o
LOAD StdPeriph_Driver/src/stm32f4xx_i2c.o
LOAD StdPeriph_Driver/src/stm32f4xx_iwdg.o
LOAD StdPeriph_Driver/src/stm32f4xx_lptim.o
LOAD StdPeriph_Driver/src/stm32f4xx_ltdc.o
LOAD StdPeriph_Driver/src/stm32f4xx_pwr.o
LOAD StdPeriph_Driver/src/stm32f4xx_qspi.o
LOAD StdPeriph_Driver/src/stm32f4xx_rcc.o
LOAD StdPeriph_Driver/src/stm32f4xx_rng.o
LOAD StdPeriph_Driver/src/stm32f4xx_rtc.o
LOAD StdPeriph_Driver/src/stm32f4xx_sai.o
LOAD StdPeriph_Driver/src/stm32f4xx_sdio.o
LOAD StdPeriph_Driver/src/stm32f4xx_spdifrx.o
LOAD StdPeriph_Driver/src/stm32f4xx_spi.o
LOAD StdPeriph_Driver/src/stm32f4xx_syscfg.o
LOAD StdPeriph_Driver/src/stm32f4xx_tim.o
LOAD StdPeriph_Driver/src/stm32f4xx_usart.o
LOAD StdPeriph_Driver/src/stm32f4xx_wwdg.o
LOAD Third-Party/FreeRTOS/org/Source/croutine.o
LOAD Third-Party/FreeRTOS/org/Source/event_groups.o
LOAD Third-Party/FreeRTOS/org/Source/list.o
LOAD Third-Party/FreeRTOS/org/Source/queue.o
LOAD Third-Party/FreeRTOS/org/Source/stream_buffer.o
LOAD Third-Party/FreeRTOS/org/Source/tasks.o
LOAD Third-Party/FreeRTOS/org/Source/timers.o
LOAD Third-Party/FreeRTOS/org/Source/portable/GCC/ARM_CM4F/port.o
LOAD Third-Party/FreeRTOS/org/Source/portable/MemMang/heap_4.o
LOAD Third-Party/SEGGER/Config/SEGGER_SYSVIEW_Config_FreeRTOS.o
LOAD Third-Party/SEGGER/OS/SEGGER_SYSVIEW_FreeRTOS.o
LOAD Third-Party/SEGGER/SEGGER/SEGGER_RTT.o
LOAD Third-Party/SEGGER/SEGGER/SEGGER_SYSVIEW.o
LOAD src/main.o
LOAD src/syscalls.o
LOAD src/system_stm32f4xx.o
LOAD startup/startup_stm32.o
LOAD d:/ac6/systemworkbench/plugins/fr.ac6.mcu.externaltools.arm-none.win32_1.16.0.201807130628/tools/compiler/bin/../lib/gcc/arm-none-eabi/7.2.1/../../../../arm-none-eabi/lib/thumb/v7e-m/fpv4-sp/hard\libm.a
START GROUP
LOAD d:/ac6/systemworkbench/plugins/fr.ac6.mcu.externaltools.arm-none.win32_1.16.0.201807130628/tools/compiler/bin/../lib/gcc/arm-none-eabi/7.2.1/thumb/v7e-m/fpv4-sp/hard\libgcc.a
LOAD d:/ac6/systemworkbench/plugins/fr.ac6.mcu.externaltools.arm-none.win32_1.16.0.201807130628/tools/compiler/bin/../lib/gcc/arm-none-eabi/7.2.1/../../../../arm-none-eabi/lib/thumb/v7e-m/fpv4-sp/hard\libc.a
END GROUP
LOAD d:/ac6/systemworkbench/plugins/fr.ac6.mcu.externaltools.arm-none.win32_1.16.0.201807130628/tools/compiler/bin/../lib/gcc/arm-none-eabi/7.2.1/thumb/v7e-m/fpv4-sp/hard/crtend.o
LOAD d:/ac6/systemworkbench/plugins/fr.ac6.mcu.externaltools.arm-none.win32_1.16.0.201807130628/tools/compiler/bin/../lib/gcc/arm-none-eabi/7.2.1/thumb/v7e-m/fpv4-sp/hard/crtn.o
                0x20020000                _estack = 0x20020000
                0x00000000                _Min_Heap_Size = 0x0
                0x00000400                _Min_Stack_Size = 0x400

.isr_vector     0x08000000      0x1a8
                0x08000000                . = ALIGN (0x4)
 *(.isr_vector)
 .isr_vector    0x08000000      0x1a8 startup/startup_stm32.o
                0x08000000                g_pfnVectors
                0x080001a8                . = ALIGN (0x4)

.text           0x080001c0     0xa328
                0x080001c0                . = ALIGN (0x4)
 *(.text)
 .text          0x080001c0       0x40 d:/ac6/systemworkbench/plugins/fr.ac6.mcu.externaltools.arm-none.win32_1.16.0.201807130628/tools/compiler/bin/../lib/gcc/arm-none-eabi/7.2.1/thumb/v7e-m/fpv4-sp/hard/crtbegin.o
 .text          0x08000200      0x134 d:/ac6/systemworkbench/plugins/fr.ac6.mcu.externaltools.arm-none.win32_1.16.0.201807130628/tools/compiler/bin/../lib/gcc/arm-none-eabi/7.2.1/../../../../arm-none-eabi/lib/thumb/v7e-m/fpv4-sp/hard\libc.a(lib_a-memcpy.o)
                0x08000200                memcpy
 *fill*         0x08000334        0xc 
 .text          0x08000340       0xdc d:/ac6/systemworkbench/plugins/fr.ac6.mcu.externaltools.arm-none.win32_1.16.0.201807130628/tools/compiler/bin/../lib/gcc/arm-none-eabi/7.2.1/../../../../arm-none-eabi/lib/thumb/v7e-m/fpv4-sp/hard\libc.a(lib_a-strlen.o)
                0x08000340                strlen
 *fill*         0x0800041c        0x4 
 .text          0x08000420       0xa0 d:/ac6/systemworkbench/plugins/fr.ac6.mcu.externaltools.arm-none.win32_1.16.0.201807130628/tools/compiler/bin/../lib/gcc/arm-none-eabi/7.2.1/../../../../arm-none-eabi/lib/thumb/v7e-m/fpv4-sp/hard\libc.a(lib_a-memchr.o)
                0x08000420                memchr
 .text          0x080004c0      0x378 d:/ac6/systemworkbench/plugins/fr.ac6.mcu.externaltools.arm-none.win32_1.16.0.201807130628/tools/compiler/bin/../lib/gcc/arm-none-eabi/7.2.1/thumb/v7e-m/fpv4-sp/hard\libgcc.a(_arm_addsubdf3.o)
                0x080004c0                __aeabi_drsub
                0x080004c8                __aeabi_dsub
                0x080004c8                __subdf3
                0x080004cc                __aeabi_dadd
                0x080004cc                __adddf3
                0x08000744                __floatunsidf
                0x08000744                __aeabi_ui2d
                0x08000764                __floatsidf
                0x08000764                __aeabi_i2d
                0x08000788                __aeabi_f2d
                0x08000788                __extendsfdf2
                0x080007cc                __floatundidf
                0x080007cc                __aeabi_ul2d
                0x080007dc                __floatdidf
                0x080007dc                __aeabi_l2d
 .text          0x08000838      0x424 d:/ac6/systemworkbench/plugins/fr.ac6.mcu.externaltools.arm-none.win32_1.16.0.201807130628/tools/compiler/bin/../lib/gcc/arm-none-eabi/7.2.1/thumb/v7e-m/fpv4-sp/hard\libgcc.a(_arm_muldivdf3.o)
                0x08000838                __aeabi_dmul
                0x08000838                __muldf3
                0x08000a8c                __divdf3
                0x08000a8c                __aeabi_ddiv
 .text          0x08000c5c      0x110 d:/ac6/systemworkbench/plugins/fr.ac6.mcu.externaltools.arm-none.win32_1.16.0.201807130628/tools/compiler/bin/../lib/gcc/arm-none-eabi/7.2.1/thumb/v7e-m/fpv4-sp/hard\libgcc.a(_arm_cmpdf2.o)
                0x08000c5c                __gtdf2
                0x08000c5c                __gedf2
                0x08000c64                __ltdf2
                0x08000c64                __ledf2
                0x08000c6c                __nedf2
                0x08000c6c                __eqdf2
                0x08000c6c                __cmpdf2
                0x08000ce8                __aeabi_cdrcmple
                0x08000cf8                __aeabi_cdcmpeq
                0x08000cf8                __aeabi_cdcmple
                0x08000d08                __aeabi_dcmpeq
                0x08000d1c                __aeabi_dcmplt
                0x08000d30                __aeabi_dcmple
                0x08000d44                __aeabi_dcmpge
                0x08000d58                __aeabi_dcmpgt
 .text          0x08000d6c       0x2c d:/ac6/systemworkbench/plugins/fr.ac6.mcu.externaltools.arm-none.win32_1.16.0.201807130628/tools/compiler/bin/../lib/gcc/arm-none-eabi/7.2.1/thumb/v7e-m/fpv4-sp/hard\libgcc.a(_arm_unorddf2.o)
                0x08000d6c                __unorddf2
                0x08000d6c                __aeabi_dcmpun
 .text          0x08000d98       0x50 d:/ac6/systemworkbench/plugins/fr.ac6.mcu.externaltools.arm-none.win32_1.16.0.201807130628/tools/compiler/bin/../lib/gcc/arm-none-eabi/7.2.1/thumb/v7e-m/fpv4-sp/hard\libgcc.a(_arm_fixdfsi.o)
                0x08000d98                __aeabi_d2iz
                0x08000d98                __fixdfsi
 .text          0x08000de8       0x30 d:/ac6/systemworkbench/plugins/fr.ac6.mcu.externaltools.arm-none.win32_1.16.0.201807130628/tools/compiler/bin/../lib/gcc/arm-none-eabi/7.2.1/thumb/v7e-m/fpv4-sp/hard\libgcc.a(_aeabi_uldivmod.o)
                0x08000de8                __aeabi_uldivmod
 .text          0x08000e18      0x2cc d:/ac6/systemworkbench/plugins/fr.ac6.mcu.externaltools.arm-none.win32_1.16.0.201807130628/tools/compiler/bin/../lib/gcc/arm-none-eabi/7.2.1/thumb/v7e-m/fpv4-sp/hard\libgcc.a(_udivmoddi4.o)
                0x08000e18                __udivmoddi4
 .text          0x080010e4        0x4 d:/ac6/systemworkbench/plugins/fr.ac6.mcu.externaltools.arm-none.win32_1.16.0.201807130628/tools/compiler/bin/../lib/gcc/arm-none-eabi/7.2.1/thumb/v7e-m/fpv4-sp/hard\libgcc.a(_dvmd_tls.o)
                0x080010e4                __aeabi_idiv0
                0x080010e4                __aeabi_ldiv0
 *(.text*)
 .text.EXTI_Init
                0x080010e8       0xe4 StdPeriph_Driver/src/stm32f4xx_exti.o
                0x080010e8                EXTI_Init
 .text.GPIO_Init
                0x080011cc      0x11c StdPeriph_Driver/src/stm32f4xx_gpio.o
                0x080011cc                GPIO_Init
 .text.GPIO_ReadOutputDataBit
                0x080012e8       0x34 StdPeriph_Driver/src/stm32f4xx_gpio.o
                0x080012e8                GPIO_ReadOutputDataBit
 .text.GPIO_WriteBit
                0x0800131c       0x30 StdPeriph_Driver/src/stm32f4xx_gpio.o
                0x0800131c                GPIO_WriteBit
 .text.GPIO_ToggleBits
                0x0800134c       0x24 StdPeriph_Driver/src/stm32f4xx_gpio.o
                0x0800134c                GPIO_ToggleBits
 .text.GPIO_PinAFConfig
                0x08001370       0x92 StdPeriph_Driver/src/stm32f4xx_gpio.o
                0x08001370                GPIO_PinAFConfig
 *fill*         0x08001402        0x2 
 .text.RCC_DeInit
                0x08001404       0x70 StdPeriph_Driver/src/stm32f4xx_rcc.o
                0x08001404                RCC_DeInit
 .text.RCC_GetClocksFreq
                0x08001474      0x1f4 StdPeriph_Driver/src/stm32f4xx_rcc.o
                0x08001474                RCC_GetClocksFreq
 .text.RCC_AHB1PeriphClockCmd
                0x08001668       0x40 StdPeriph_Driver/src/stm32f4xx_rcc.o
                0x08001668                RCC_AHB1PeriphClockCmd
 .text.RCC_APB1PeriphClockCmd
                0x080016a8       0x40 StdPeriph_Driver/src/stm32f4xx_rcc.o
                0x080016a8                RCC_APB1PeriphClockCmd
 .text.RCC_APB2PeriphClockCmd
                0x080016e8       0x40 StdPeriph_Driver/src/stm32f4xx_rcc.o
                0x080016e8                RCC_APB2PeriphClockCmd
 .text.RTC_GetTime
                0x08001728       0xa4 StdPeriph_Driver/src/stm32f4xx_rtc.o
                0x08001728                RTC_GetTime
 .text.RTC_GetDate
                0x080017cc       0x9c StdPeriph_Driver/src/stm32f4xx_rtc.o
                0x080017cc                RTC_GetDate
 .text.RTC_Bcd2ToByte
                0x08001868       0x38 StdPeriph_Driver/src/stm32f4xx_rtc.o
 .text.SYSCFG_EXTILineConfig
                0x080018a0       0x84 StdPeriph_Driver/src/stm32f4xx_syscfg.o
                0x080018a0                SYSCFG_EXTILineConfig
 .text.USART_Init
                0x08001924      0x174 StdPeriph_Driver/src/stm32f4xx_usart.o
                0x08001924                USART_Init
 .text.USART_Cmd
                0x08001a98       0x40 StdPeriph_Driver/src/stm32f4xx_usart.o
                0x08001a98                USART_Cmd
 .text.USART_SendData
                0x08001ad8       0x24 StdPeriph_Driver/src/stm32f4xx_usart.o
                0x08001ad8                USART_SendData
 .text.USART_ReceiveData
                0x08001afc       0x20 StdPeriph_Driver/src/stm32f4xx_usart.o
                0x08001afc                USART_ReceiveData
 .text.USART_ITConfig
                0x08001b1c       0x90 StdPeriph_Driver/src/stm32f4xx_usart.o
                0x08001b1c                USART_ITConfig
 .text.USART_GetFlagStatus
                0x08001bac       0x38 StdPeriph_Driver/src/stm32f4xx_usart.o
                0x08001bac                USART_GetFlagStatus
 .text.vListInitialise
                0x08001be4       0x40 Third-Party/FreeRTOS/org/Source/list.o
                0x08001be4                vListInitialise
 .text.vListInitialiseItem
                0x08001c24       0x1a Third-Party/FreeRTOS/org/Source/list.o
                0x08001c24                vListInitialiseItem
 .text.vListInsertEnd
                0x08001c3e       0x48 Third-Party/FreeRTOS/org/Source/list.o
                0x08001c3e                vListInsertEnd
 .text.vListInsert
                0x08001c86       0x72 Third-Party/FreeRTOS/org/Source/list.o
                0x08001c86                vListInsert
 .text.uxListRemove
                0x08001cf8       0x54 Third-Party/FreeRTOS/org/Source/list.o
                0x08001cf8                uxListRemove
 .text.xQueueGenericReset
                0x08001d4c       0xd0 Third-Party/FreeRTOS/org/Source/queue.o
                0x08001d4c                xQueueGenericReset
 .text.xQueueGenericCreate
                0x08001e1c       0x76 Third-Party/FreeRTOS/org/Source/queue.o
                0x08001e1c                xQueueGenericCreate
 .text.prvInitialiseNewQueue
                0x08001e92       0x52 Third-Party/FreeRTOS/org/Source/queue.o
 .text.xQueueGenericSend
                0x08001ee4      0x244 Third-Party/FreeRTOS/org/Source/queue.o
                0x08001ee4                xQueueGenericSend
 .text.xQueueGenericSendFromISR
                0x08002128      0x150 Third-Party/FreeRTOS/org/Source/queue.o
                0x08002128                xQueueGenericSendFromISR
 .text.xQueueReceive
                0x08002278      0x228 Third-Party/FreeRTOS/org/Source/queue.o
                0x08002278                xQueueReceive
 .text.prvCopyDataToQueue
                0x080024a0       0xd4 Third-Party/FreeRTOS/org/Source/queue.o
 .text.prvCopyDataFromQueue
                0x08002574       0x4c Third-Party/FreeRTOS/org/Source/queue.o
 .text.prvUnlockQueue
                0x080025c0       0xa4 Third-Party/FreeRTOS/org/Source/queue.o
 .text.prvIsQueueEmpty
                0x08002664       0x2c Third-Party/FreeRTOS/org/Source/queue.o
 .text.prvIsQueueFull
                0x08002690       0x30 Third-Party/FreeRTOS/org/Source/queue.o
 .text.vQueueAddToRegistry
                0x080026c0       0x60 Third-Party/FreeRTOS/org/Source/queue.o
                0x080026c0                vQueueAddToRegistry
 .text.vQueueWaitForMessageRestricted
                0x08002720       0x68 Third-Party/FreeRTOS/org/Source/queue.o
                0x08002720                vQueueWaitForMessageRestricted
 .text.xTaskCreate
                0x08002788       0x82 Third-Party/FreeRTOS/org/Source/tasks.o
                0x08002788                xTaskCreate
 .text.prvInitialiseNewTask
                0x0800280a      0x126 Third-Party/FreeRTOS/org/Source/tasks.o
 .text.prvAddNewTaskToReadyList
                0x08002930      0x118 Third-Party/FreeRTOS/org/Source/tasks.o
 .text.vTaskStartScheduler
                0x08002a48       0xb8 Third-Party/FreeRTOS/org/Source/tasks.o
                0x08002a48                vTaskStartScheduler
 .text.vTaskSuspendAll
                0x08002b00       0x1c Third-Party/FreeRTOS/org/Source/tasks.o
                0x08002b00                vTaskSuspendAll
 .text.xTaskResumeAll
                0x08002b1c      0x140 Third-Party/FreeRTOS/org/Source/tasks.o
                0x08002b1c                xTaskResumeAll
 .text.xTaskGetTickCount
                0x08002c5c       0x20 Third-Party/FreeRTOS/org/Source/tasks.o
                0x08002c5c                xTaskGetTickCount
 .text.xTaskGetTickCountFromISR
                0x08002c7c       0x24 Third-Party/FreeRTOS/org/Source/tasks.o
                0x08002c7c                xTaskGetTickCountFromISR
 .text.xTaskIncrementTick
                0x08002ca0      0x178 Third-Party/FreeRTOS/org/Source/tasks.o
                0x08002ca0                xTaskIncrementTick
 .text.vTaskSwitchContext
                0x08002e18       0xd0 Third-Party/FreeRTOS/org/Source/tasks.o
                0x08002e18                vTaskSwitchContext
 .text.vTaskPlaceOnEventList
                0x08002ee8       0x48 Third-Party/FreeRTOS/org/Source/tasks.o
                0x08002ee8                vTaskPlaceOnEventList
 .text.vTaskPlaceOnEventListRestricted
                0x08002f30       0x5c Third-Party/FreeRTOS/org/Source/tasks.o
                0x08002f30                vTaskPlaceOnEventListRestricted
 .text.xTaskRemoveFromEventList
                0x08002f8c       0xcc Third-Party/FreeRTOS/org/Source/tasks.o
                0x08002f8c                xTaskRemoveFromEventList
 .text.vTaskInternalSetTimeOutState
                0x08003058       0x2c Third-Party/FreeRTOS/org/Source/tasks.o
                0x08003058                vTaskInternalSetTimeOutState
 .text.xTaskCheckForTimeOut
                0x08003084       0xc0 Third-Party/FreeRTOS/org/Source/tasks.o
                0x08003084                xTaskCheckForTimeOut
 .text.vTaskMissedYield
                0x08003144       0x18 Third-Party/FreeRTOS/org/Source/tasks.o
                0x08003144                vTaskMissedYield
 .text.prvIdleTask
                0x0800315c       0x30 Third-Party/FreeRTOS/org/Source/tasks.o
 .text.prvInitialiseTaskLists
                0x0800318c       0x80 Third-Party/FreeRTOS/org/Source/tasks.o
 .text.prvCheckTasksWaitingTermination
                0x0800320c       0x58 Third-Party/FreeRTOS/org/Source/tasks.o
 .text.prvDeleteTCB
                0x08003264       0x20 Third-Party/FreeRTOS/org/Source/tasks.o
 .text.prvResetNextTaskUnblockTime
                0x08003284       0x40 Third-Party/FreeRTOS/org/Source/tasks.o
 .text.xTaskGetSchedulerState
                0x080032c4       0x3c Third-Party/FreeRTOS/org/Source/tasks.o
                0x080032c4                xTaskGetSchedulerState
 .text.xTaskPriorityDisinherit
                0x08003300      0x110 Third-Party/FreeRTOS/org/Source/tasks.o
                0x08003300                xTaskPriorityDisinherit
 .text.xTaskNotifyWait
                0x08003410       0xc8 Third-Party/FreeRTOS/org/Source/tasks.o
                0x08003410                xTaskNotifyWait
 .text.xTaskGenericNotifyFromISR
                0x080034d8      0x1d4 Third-Party/FreeRTOS/org/Source/tasks.o
                0x080034d8                xTaskGenericNotifyFromISR
 .text.prvAddCurrentTaskToDelayedList
                0x080036ac       0xf0 Third-Party/FreeRTOS/org/Source/tasks.o
 .text.xTimerCreateTimerTask
                0x0800379c       0x64 Third-Party/FreeRTOS/org/Source/timers.o
                0x0800379c                xTimerCreateTimerTask
 .text.xTimerCreate
                0x08003800       0x3a Third-Party/FreeRTOS/org/Source/timers.o
                0x08003800                xTimerCreate
 .text.prvInitialiseNewTimer
                0x0800383a       0x62 Third-Party/FreeRTOS/org/Source/timers.o
 .text.xTimerGenericCommand
                0x0800389c       0x98 Third-Party/FreeRTOS/org/Source/timers.o
                0x0800389c                xTimerGenericCommand
 .text.prvProcessExpiredTimer
                0x08003934       0x80 Third-Party/FreeRTOS/org/Source/timers.o
 .text.prvTimerTask
                0x080039b4       0x24 Third-Party/FreeRTOS/org/Source/timers.o
 .text.prvProcessTimerOrBlockTask
                0x080039d8       0x9c Third-Party/FreeRTOS/org/Source/timers.o
 .text.prvGetNextExpireTime
                0x08003a74       0x48 Third-Party/FreeRTOS/org/Source/timers.o
 .text.prvSampleTimeNow
                0x08003abc       0x40 Third-Party/FreeRTOS/org/Source/timers.o
 .text.prvInsertTimerInActiveList
                0x08003afc       0x84 Third-Party/FreeRTOS/org/Source/timers.o
 .text.prvProcessReceivedCommands
                0x08003b80      0x124 Third-Party/FreeRTOS/org/Source/timers.o
 .text.prvSwitchTimerLists
                0x08003ca4       0xc0 Third-Party/FreeRTOS/org/Source/timers.o
 .text.prvCheckForValidListAndQueue
                0x08003d64       0x6c Third-Party/FreeRTOS/org/Source/timers.o
 .text.pxPortInitialiseStack
                0x08003dd0       0x68 Third-Party/FreeRTOS/org/Source/portable/GCC/ARM_CM4F/port.o
                0x08003dd0                pxPortInitialiseStack
 .text.prvTaskExitError
                0x08003e38       0x54 Third-Party/FreeRTOS/org/Source/portable/GCC/ARM_CM4F/port.o
 *fill*         0x08003e8c        0x4 
 .text.SVC_Handler
                0x08003e90       0x28 Third-Party/FreeRTOS/org/Source/portable/GCC/ARM_CM4F/port.o
                0x08003e90                SVC_Handler
 .text.prvPortStartFirstTask
                0x08003eb8       0x28 Third-Party/FreeRTOS/org/Source/portable/GCC/ARM_CM4F/port.o
 .text.xPortStartScheduler
                0x08003ee0      0x13c Third-Party/FreeRTOS/org/Source/portable/GCC/ARM_CM4F/port.o
                0x08003ee0                xPortStartScheduler
 .text.vPortEnterCritical
                0x0800401c       0x5c Third-Party/FreeRTOS/org/Source/portable/GCC/ARM_CM4F/port.o
                0x0800401c                vPortEnterCritical
 .text.vPortExitCritical
                0x08004078       0x50 Third-Party/FreeRTOS/org/Source/portable/GCC/ARM_CM4F/port.o
                0x08004078                vPortExitCritical
 *fill*         0x080040c8        0x8 
 .text.PendSV_Handler
                0x080040d0       0x68 Third-Party/FreeRTOS/org/Source/portable/GCC/ARM_CM4F/port.o
                0x080040d0                PendSV_Handler
 .text.SysTick_Handler
                0x08004138       0x50 Third-Party/FreeRTOS/org/Source/portable/GCC/ARM_CM4F/port.o
                0x08004138                SysTick_Handler
 .text.vPortSetupTimerInterrupt
                0x08004188       0x48 Third-Party/FreeRTOS/org/Source/portable/GCC/ARM_CM4F/port.o
                0x08004188                vPortSetupTimerInterrupt
 .text.vPortEnableVFP
                0x080041d0       0x14 Third-Party/FreeRTOS/org/Source/portable/GCC/ARM_CM4F/port.o
 .text.vPortValidateInterruptPriority
                0x080041e4       0x7c Third-Party/FreeRTOS/org/Source/portable/GCC/ARM_CM4F/port.o
                0x080041e4                vPortValidateInterruptPriority
 .text.pvPortMalloc
                0x08004260      0x184 Third-Party/FreeRTOS/org/Source/portable/MemMang/heap_4.o
                0x08004260                pvPortMalloc
 .text.vPortFree
                0x080043e4       0xb0 Third-Party/FreeRTOS/org/Source/portable/MemMang/heap_4.o
                0x080043e4                vPortFree
 .text.prvHeapInit
                0x08004494       0xc4 Third-Party/FreeRTOS/org/Source/portable/MemMang/heap_4.o
 .text.prvInsertBlockIntoFreeList
                0x08004558       0xb4 Third-Party/FreeRTOS/org/Source/portable/MemMang/heap_4.o
 .text._cbSendTaskList
                0x0800460c       0x90 Third-Party/SEGGER/OS/SEGGER_SYSVIEW_FreeRTOS.o
 .text._cbGetTime
                0x0800469c       0x76 Third-Party/SEGGER/OS/SEGGER_SYSVIEW_FreeRTOS.o
 *fill*         0x08004712        0x2 
 .text.SYSVIEW_AddTask
                0x08004714       0xd0 Third-Party/SEGGER/OS/SEGGER_SYSVIEW_FreeRTOS.o
                0x08004714                SYSVIEW_AddTask
 .text.SYSVIEW_SendTaskInfo
                0x080047e4       0x42 Third-Party/SEGGER/OS/SEGGER_SYSVIEW_FreeRTOS.o
                0x080047e4                SYSVIEW_SendTaskInfo
 *fill*         0x08004826        0x2 
 .text._DoInit  0x08004828       0xa4 Third-Party/SEGGER/SEGGER/SEGGER_RTT.o
 .text.SEGGER_RTT_ReadNoLock
                0x080048cc      0x104 Third-Party/SEGGER/SEGGER/SEGGER_RTT.o
                0x080048cc                SEGGER_RTT_ReadNoLock
 .text.SEGGER_RTT_WriteSkipNoLock
                0x080049d0      0x120 Third-Party/SEGGER/SEGGER/SEGGER_RTT.o
                0x080049d0                SEGGER_RTT_WriteSkipNoLock
 .text._EncodeStr
                0x08004af0       0x9a Third-Party/SEGGER/SEGGER/SEGGER_SYSVIEW.o
 .text._PreparePacket
                0x08004b8a       0x18 Third-Party/SEGGER/SEGGER/SEGGER_SYSVIEW.o
 .text._HandleIncomingPacket
                0x08004ba2       0xb8 Third-Party/SEGGER/SEGGER/SEGGER_SYSVIEW.o
 *fill*         0x08004c5a        0x2 
 .text._TrySendOverflowPacket
                0x08004c5c       0xe0 Third-Party/SEGGER/SEGGER/SEGGER_SYSVIEW.o
 .text._SendPacket
                0x08004d3c      0x1a8 Third-Party/SEGGER/SEGGER/SEGGER_SYSVIEW.o
 .text.SEGGER_SYSVIEW_RecordVoid
                0x08004ee4       0x3c Third-Party/SEGGER/SEGGER/SEGGER_SYSVIEW.o
                0x08004ee4                SEGGER_SYSVIEW_RecordVoid
 .text.SEGGER_SYSVIEW_RecordU32
                0x08004f20       0x78 Third-Party/SEGGER/SEGGER/SEGGER_SYSVIEW.o
                0x08004f20                SEGGER_SYSVIEW_RecordU32
 .text.SEGGER_SYSVIEW_RecordU32x2
                0x08004f98       0xb4 Third-Party/SEGGER/SEGGER/SEGGER_SYSVIEW.o
                0x08004f98                SEGGER_SYSVIEW_RecordU32x2
 .text.SEGGER_SYSVIEW_RecordU32x3
                0x0800504c       0xec Third-Party/SEGGER/SEGGER/SEGGER_SYSVIEW.o
                0x0800504c                SEGGER_SYSVIEW_RecordU32x3
 .text.SEGGER_SYSVIEW_RecordU32x4
                0x08005138      0x124 Third-Party/SEGGER/SEGGER/SEGGER_SYSVIEW.o
                0x08005138                SEGGER_SYSVIEW_RecordU32x4
 .text.SEGGER_SYSVIEW_RecordU32x5
                0x0800525c      0x15c Third-Party/SEGGER/SEGGER/SEGGER_SYSVIEW.o
                0x0800525c                SEGGER_SYSVIEW_RecordU32x5
 .text.SEGGER_SYSVIEW_Start
                0x080053b8      0x178 Third-Party/SEGGER/SEGGER/SEGGER_SYSVIEW.o
                0x080053b8                SEGGER_SYSVIEW_Start
 .text.SEGGER_SYSVIEW_Stop
                0x08005530       0x4c Third-Party/SEGGER/SEGGER/SEGGER_SYSVIEW.o
                0x08005530                SEGGER_SYSVIEW_Stop
 .text.SEGGER_SYSVIEW_GetSysDesc
                0x0800557c      0x134 Third-Party/SEGGER/SEGGER/SEGGER_SYSVIEW.o
                0x0800557c                SEGGER_SYSVIEW_GetSysDesc
 .text.SEGGER_SYSVIEW_SendTaskInfo
                0x080056b0      0x1cc Third-Party/SEGGER/SEGGER/SEGGER_SYSVIEW.o
                0x080056b0                SEGGER_SYSVIEW_SendTaskInfo
 .text.SEGGER_SYSVIEW_SendTaskList
                0x0800587c       0x28 Third-Party/SEGGER/SEGGER/SEGGER_SYSVIEW.o
                0x0800587c                SEGGER_SYSVIEW_SendTaskList
 .text.SEGGER_SYSVIEW_RecordSystime
                0x080058a4       0x60 Third-Party/SEGGER/SEGGER/SEGGER_SYSVIEW.o
                0x080058a4                SEGGER_SYSVIEW_RecordSystime
 .text.SEGGER_SYSVIEW_RecordEnterISR
                0x08005904       0x84 Third-Party/SEGGER/SEGGER/SEGGER_SYSVIEW.o
                0x08005904                SEGGER_SYSVIEW_RecordEnterISR
 .text.SEGGER_SYSVIEW_RecordExitISR
                0x08005988       0x38 Third-Party/SEGGER/SEGGER/SEGGER_SYSVIEW.o
                0x08005988                SEGGER_SYSVIEW_RecordExitISR
 .text.SEGGER_SYSVIEW_RecordExitISRToScheduler
                0x080059c0       0x38 Third-Party/SEGGER/SEGGER/SEGGER_SYSVIEW.o
                0x080059c0                SEGGER_SYSVIEW_RecordExitISRToScheduler
 .text.SEGGER_SYSVIEW_OnIdle
                0x080059f8       0x38 Third-Party/SEGGER/SEGGER/SEGGER_SYSVIEW.o
                0x080059f8                SEGGER_SYSVIEW_OnIdle
 .text.SEGGER_SYSVIEW_OnTaskCreate
                0x08005a30       0x88 Third-Party/SEGGER/SEGGER/SEGGER_SYSVIEW.o
                0x08005a30                SEGGER_SYSVIEW_OnTaskCreate
 .text.SEGGER_SYSVIEW_OnTaskStartExec
                0x08005ab8       0x88 Third-Party/SEGGER/SEGGER/SEGGER_SYSVIEW.o
                0x08005ab8                SEGGER_SYSVIEW_OnTaskStartExec
 .text.SEGGER_SYSVIEW_OnTaskStartReady
                0x08005b40       0x88 Third-Party/SEGGER/SEGGER/SEGGER_SYSVIEW.o
                0x08005b40                SEGGER_SYSVIEW_OnTaskStartReady
 .text.SEGGER_SYSVIEW_OnTaskStopReady
                0x08005bc8       0xc0 Third-Party/SEGGER/SEGGER/SEGGER_SYSVIEW.o
                0x08005bc8                SEGGER_SYSVIEW_OnTaskStopReady
 .text.SEGGER_SYSVIEW_ShrinkId
                0x08005c88       0x24 Third-Party/SEGGER/SEGGER/SEGGER_SYSVIEW.o
                0x08005c88                SEGGER_SYSVIEW_ShrinkId
 .text.SEGGER_SYSVIEW_SendModule
                0x08005cac      0x100 Third-Party/SEGGER/SEGGER/SEGGER_SYSVIEW.o
                0x08005cac                SEGGER_SYSVIEW_SendModule
 .text.SEGGER_SYSVIEW_SendModuleDescription
                0x08005dac       0x3c Third-Party/SEGGER/SEGGER/SEGGER_SYSVIEW.o
                0x08005dac                SEGGER_SYSVIEW_SendModuleDescription
 .text.SEGGER_SYSVIEW_SendNumModules
                0x08005de8       0x7c Third-Party/SEGGER/SEGGER/SEGGER_SYSVIEW.o
                0x08005de8                SEGGER_SYSVIEW_SendNumModules
 .text.SEGGER_SYSVIEW_Warn
                0x08005e64       0xb8 Third-Party/SEGGER/SEGGER/SEGGER_SYSVIEW.o
                0x08005e64                SEGGER_SYSVIEW_Warn
 .text.NVIC_EnableIRQ
                0x08005f1c       0x34 src/main.o
 .text.NVIC_SetPriority
                0x08005f50       0x54 src/main.o
 .text.main     0x08005fa4      0x130 src/main.o
                0x08005fa4                main
 .text.vTask1_menu_display
                0x080060d4       0x38 src/main.o
                0x080060d4                vTask1_menu_display
 .text.vTask4_uart_write
                0x0800610c       0x2c src/main.o
                0x0800610c                vTask4_uart_write
 .text.vTask2_cmd_handling
                0x08006138       0x64 src/main.o
                0x08006138                vTask2_cmd_handling
 .text.vTask3_cmd_processing
                0x0800619c       0x9c src/main.o
                0x0800619c                vTask3_cmd_processing
 .text.prvSetupHardware
                0x08006238       0x10 src/main.o
 .text.printmsg
                0x08006248       0x60 src/main.o
                0x08006248                printmsg
 .text.prvSetupUart
                0x080062a8       0xbc src/main.o
 .text.prvSetupGpio
                0x08006364       0xa4 src/main.o
                0x08006364                prvSetupGpio
 .text.USART2_IRQHandler
                0x08006408       0xa0 src/main.o
                0x08006408                USART2_IRQHandler
 .text.getCommandCode
                0x080064a8       0x1c src/main.o
                0x080064a8                getCommandCode
 .text.getArguments
                0x080064c4       0x14 src/main.o
                0x080064c4                getArguments
 .text.make_led_on
                0x080064d8       0x18 src/main.o
                0x080064d8                make_led_on
 .text.make_led_off
                0x080064f0       0x18 src/main.o
                0x080064f0                make_led_off
 .text.led_toggle
                0x08006508       0x1c src/main.o
                0x08006508                led_toggle
 .text.led_toggle_start
                0x08006524       0x70 src/main.o
                0x08006524                led_toggle_start
 .text.led_toggle_stop
                0x08006594       0x24 src/main.o
                0x08006594                led_toggle_stop
 .text.read_led_status
                0x080065b8       0x44 src/main.o
                0x080065b8                read_led_status
 .text.read_rtc_info
                0x080065fc       0x64 src/main.o
                0x080065fc                read_rtc_info
 .text.print_error_message
                0x08006660       0x48 src/main.o
                0x08006660                print_error_message
 .text._sbrk    0x080066a8       0x58 src/syscalls.o
                0x080066a8                _sbrk
 .text.SystemInit
                0x08006700       0x6c src/system_stm32f4xx.o
                0x08006700                SystemInit
 .text.SystemCoreClockUpdate
                0x0800676c      0x19c src/system_stm32f4xx.o
                0x0800676c                SystemCoreClockUpdate
 .text.SetSysClock
                0x08006908      0x12c src/system_stm32f4xx.o
 .text.Reset_Handler
                0x08006a34       0x50 startup/startup_stm32.o
                0x08006a34                Reset_Handler
 .text.Default_Handler
                0x08006a84        0x2 startup/startup_stm32.o
                0x08006a84                RTC_Alarm_IRQHandler
                0x08006a84                EXTI2_IRQHandler
                0x08006a84                TIM8_CC_IRQHandler
                0x08006a84                DebugMon_Handler
                0x08006a84                UART8_IRQHandler
                0x08006a84                SPI4_IRQHandler
                0x08006a84                TIM1_CC_IRQHandler
                0x08006a84                DMA2_Stream5_IRQHandler
                0x08006a84                HardFault_Handler
                0x08006a84                DMA1_Stream5_IRQHandler
                0x08006a84                TAMP_STAMP_IRQHandler
                0x08006a84                NMI_Handler
                0x08006a84                CAN2_RX1_IRQHandler
                0x08006a84                EXTI3_IRQHandler
                0x08006a84                TIM8_TRG_COM_TIM14_IRQHandler
                0x08006a84                TIM1_UP_TIM10_IRQHandler
                0x08006a84                TIM8_UP_TIM13_IRQHandler
                0x08006a84                I2C3_ER_IRQHandler
                0x08006a84                LCD_TFT_IRQHandler
                0x08006a84                EXTI0_IRQHandler
                0x08006a84                I2C2_EV_IRQHandler
                0x08006a84                DMA1_Stream2_IRQHandler
                0x08006a84                CAN1_RX0_IRQHandler
                0x08006a84                FPU_IRQHandler
                0x08006a84                UsageFault_Handler
                0x08006a84                CAN2_SCE_IRQHandler
                0x08006a84                DMA2_Stream2_IRQHandler
                0x08006a84                SPI1_IRQHandler
                0x08006a84                TIM6_DAC_IRQHandler
                0x08006a84                TIM1_BRK_TIM9_IRQHandler
                0x08006a84                DCMI_IRQHandler
                0x08006a84                CAN2_RX0_IRQHandler
                0x08006a84                DMA2_Stream3_IRQHandler
                0x08006a84                USART6_IRQHandler
                0x08006a84                USART3_IRQHandler
                0x08006a84                CAN1_RX1_IRQHandler
                0x08006a84                UART5_IRQHandler
                0x08006a84                DMA2_Stream0_IRQHandler
                0x08006a84                TIM4_IRQHandler
                0x08006a84                I2C1_EV_IRQHandler
                0x08006a84                DMA1_Stream6_IRQHandler
                0x08006a84                DMA1_Stream1_IRQHandler
                0x08006a84                UART4_IRQHandler
                0x08006a84                LCD_TFT_1_IRQHandler
                0x08006a84                TIM3_IRQHandler
                0x08006a84                RCC_IRQHandler
                0x08006a84                TIM8_BRK_TIM12_IRQHandler
                0x08006a84                Default_Handler
                0x08006a84                EXTI15_10_IRQHandler
                0x08006a84                ADC_IRQHandler
                0x08006a84                DMA1_Stream7_IRQHandler
                0x08006a84                TIM7_IRQHandler
                0x08006a84                CAN2_TX_IRQHandler
                0x08006a84                TIM5_IRQHandler
                0x08006a84                DMA2_Stream7_IRQHandler
                0x08006a84                I2C3_EV_IRQHandler
                0x08006a84                EXTI9_5_IRQHandler
                0x08006a84                RTC_WKUP_IRQHandler
                0x08006a84                ETH_WKUP_IRQHandler
                0x08006a84                SPI2_IRQHandler
                0x08006a84                MemManage_Handler
                0x08006a84                DMA1_Stream0_IRQHandler
                0x08006a84                CAN1_TX_IRQHandler
                0x08006a84                EXTI4_IRQHandler
                0x08006a84                ETH_IRQHandler
                0x08006a84                WWDG_IRQHandler
                0x08006a84                TIM2_IRQHandler
                0x08006a84                OTG_FS_WKUP_IRQHandler
                0x08006a84                TIM1_TRG_COM_TIM11_IRQHandler
                0x08006a84                EXTI1_IRQHandler
                0x08006a84                UART7_IRQHandler
                0x08006a84                I2C2_ER_IRQHandler
                0x08006a84                DMA2_Stream1_IRQHandler
                0x08006a84                CAN1_SCE_IRQHandler
                0x08006a84                FLASH_IRQHandler
                0x08006a84                DMA2_Stream4_IRQHandler
                0x08006a84                BusFault_Handler
                0x08006a84                USART1_IRQHandler
                0x08006a84                OTG_FS_IRQHandler
                0x08006a84                SPI3_IRQHandler
                0x08006a84                DMA1_Stream4_IRQHandler
                0x08006a84                I2C1_ER_IRQHandler
                0x08006a84                FMC_IRQHandler
                0x08006a84                DMA2_Stream6_IRQHandler
                0x08006a84                DMA1_Stream3_IRQHandler
 *fill*         0x08006a86        0x2 
 .text.__errno  0x08006a88        0xc d:/ac6/systemworkbench/plugins/fr.ac6.mcu.externaltools.arm-none.win32_1.16.0.201807130628/tools/compiler/bin/../lib/gcc/arm-none-eabi/7.2.1/../../../../arm-none-eabi/lib/thumb/v7e-m/fpv4-sp/hard\libc.a(lib_a-errno.o)
                0x08006a88                __errno
 .text.__libc_init_array
                0x08006a94       0x48 d:/ac6/systemworkbench/plugins/fr.ac6.mcu.externaltools.arm-none.win32_1.16.0.201807130628/tools/compiler/bin/../lib/gcc/arm-none-eabi/7.2.1/../../../../arm-none-eabi/lib/thumb/v7e-m/fpv4-sp/hard\libc.a(lib_a-init.o)
                0x08006a94                __libc_init_array
 .text.memcmp   0x08006adc       0x64 d:/ac6/systemworkbench/plugins/fr.ac6.mcu.externaltools.arm-none.win32_1.16.0.201807130628/tools/compiler/bin/../lib/gcc/arm-none-eabi/7.2.1/../../../../arm-none-eabi/lib/thumb/v7e-m/fpv4-sp/hard\libc.a(lib_a-memcmp.o)
                0x08006adc                memcmp
 .text.memset   0x08006b40       0x94 d:/ac6/systemworkbench/plugins/fr.ac6.mcu.externaltools.arm-none.win32_1.16.0.201807130628/tools/compiler/bin/../lib/gcc/arm-none-eabi/7.2.1/../../../../arm-none-eabi/lib/thumb/v7e-m/fpv4-sp/hard\libc.a(lib_a-memset.o)
                0x08006b40                memset
 .text.sprintf  0x08006bd4       0x44 d:/ac6/systemworkbench/plugins/fr.ac6.mcu.externaltools.arm-none.win32_1.16.0.201807130628/tools/compiler/bin/../lib/gcc/arm-none-eabi/7.2.1/../../../../arm-none-eabi/lib/thumb/v7e-m/fpv4-sp/hard\libc.a(lib_a-sprintf.o)
                0x08006bd4                sprintf
 .text._svfprintf_r
                0x08006c18     0x144c d:/ac6/systemworkbench/plugins/fr.ac6.mcu.externaltools.arm-none.win32_1.16.0.201807130628/tools/compiler/bin/../lib/gcc/arm-none-eabi/7.2.1/../../../../arm-none-eabi/lib/thumb/v7e-m/fpv4-sp/hard\libc.a(lib_a-svfprintf.o)
                0x08006c18                _svfprintf_r
 .text.startup.register_fini
                0x08008064       0x14 d:/ac6/systemworkbench/plugins/fr.ac6.mcu.externaltools.arm-none.win32_1.16.0.201807130628/tools/compiler/bin/../lib/gcc/arm-none-eabi/7.2.1/../../../../arm-none-eabi/lib/thumb/v7e-m/fpv4-sp/hard\libc.a(lib_a-__call_atexit.o)
 .text.atexit   0x08008078        0xc d:/ac6/systemworkbench/plugins/fr.ac6.mcu.externaltools.arm-none.win32_1.16.0.201807130628/tools/compiler/bin/../lib/gcc/arm-none-eabi/7.2.1/../../../../arm-none-eabi/lib/thumb/v7e-m/fpv4-sp/hard\libc.a(lib_a-atexit.o)
                0x08008078                atexit
 .text.quorem   0x08008084      0x124 d:/ac6/systemworkbench/plugins/fr.ac6.mcu.externaltools.arm-none.win32_1.16.0.201807130628/tools/compiler/bin/../lib/gcc/arm-none-eabi/7.2.1/../../../../arm-none-eabi/lib/thumb/v7e-m/fpv4-sp/hard\libc.a(lib_a-dtoa.o)
 .text._dtoa_r  0x080081a8      0xe28 d:/ac6/systemworkbench/plugins/fr.ac6.mcu.externaltools.arm-none.win32_1.16.0.201807130628/tools/compiler/bin/../lib/gcc/arm-none-eabi/7.2.1/../../../../arm-none-eabi/lib/thumb/v7e-m/fpv4-sp/hard\libc.a(lib_a-dtoa.o)
                0x080081a8                _dtoa_r
 .text.__libc_fini_array
                0x08008fd0       0x34 d:/ac6/systemworkbench/plugins/fr.ac6.mcu.externaltools.arm-none.win32_1.16.0.201807130628/tools/compiler/bin/../lib/gcc/arm-none-eabi/7.2.1/../../../../arm-none-eabi/lib/thumb/v7e-m/fpv4-sp/hard\libc.a(lib_a-fini.o)
                0x08008fd0                __libc_fini_array
 .text._localeconv_r
                0x08009004       0x1c d:/ac6/systemworkbench/plugins/fr.ac6.mcu.externaltools.arm-none.win32_1.16.0.201807130628/tools/compiler/bin/../lib/gcc/arm-none-eabi/7.2.1/../../../../arm-none-eabi/lib/thumb/v7e-m/fpv4-sp/hard\libc.a(lib_a-localeconv.o)
                0x08009004                _localeconv_r
 .text.__retarget_lock_acquire_recursive
                0x08009020        0x4 d:/ac6/systemworkbench/plugins/fr.ac6.mcu.externaltools.arm-none.win32_1.16.0.201807130628/tools/compiler/bin/../lib/gcc/arm-none-eabi/7.2.1/../../../../arm-none-eabi/lib/thumb/v7e-m/fpv4-sp/hard\libc.a(lib_a-lock.o)
                0x08009020                __retarget_lock_acquire_recursive
 .text.__retarget_lock_release_recursive
                0x08009024        0x4 d:/ac6/systemworkbench/plugins/fr.ac6.mcu.externaltools.arm-none.win32_1.16.0.201807130628/tools/compiler/bin/../lib/gcc/arm-none-eabi/7.2.1/../../../../arm-none-eabi/lib/thumb/v7e-m/fpv4-sp/hard\libc.a(lib_a-lock.o)
                0x08009024                __retarget_lock_release_recursive
 .text._malloc_r
                0x08009028      0x548 d:/ac6/systemworkbench/plugins/fr.ac6.mcu.externaltools.arm-none.win32_1.16.0.201807130628/tools/compiler/bin/../lib/gcc/arm-none-eabi/7.2.1/../../../../arm-none-eabi/lib/thumb/v7e-m/fpv4-sp/hard\libc.a(lib_a-mallocr.o)
                0x08009028                _malloc_r
 .text.__malloc_lock
                0x08009570        0xc d:/ac6/systemworkbench/plugins/fr.ac6.mcu.externaltools.arm-none.win32_1.16.0.201807130628/tools/compiler/bin/../lib/gcc/arm-none-eabi/7.2.1/../../../../arm-none-eabi/lib/thumb/v7e-m/fpv4-sp/hard\libc.a(lib_a-mlock.o)
                0x08009570                __malloc_lock
 .text.__malloc_unlock
                0x0800957c        0xc d:/ac6/systemworkbench/plugins/fr.ac6.mcu.externaltools.arm-none.win32_1.16.0.201807130628/tools/compiler/bin/../lib/gcc/arm-none-eabi/7.2.1/../../../../arm-none-eabi/lib/thumb/v7e-m/fpv4-sp/hard\libc.a(lib_a-mlock.o)
                0x0800957c                __malloc_unlock
 .text._Balloc  0x08009588       0x4c d:/ac6/systemworkbench/plugins/fr.ac6.mcu.externaltools.arm-none.win32_1.16.0.201807130628/tools/compiler/bin/../lib/gcc/arm-none-eabi/7.2.1/../../../../arm-none-eabi/lib/thumb/v7e-m/fpv4-sp/hard\libc.a(lib_a-mprec.o)
                0x08009588                _Balloc
 .text._Bfree   0x080095d4       0x14 d:/ac6/systemworkbench/plugins/fr.ac6.mcu.externaltools.arm-none.win32_1.16.0.201807130628/tools/compiler/bin/../lib/gcc/arm-none-eabi/7.2.1/../../../../arm-none-eabi/lib/thumb/v7e-m/fpv4-sp/hard\libc.a(lib_a-mprec.o)
                0x080095d4                _Bfree
 .text.__multadd
                0x080095e8       0x80 d:/ac6/systemworkbench/plugins/fr.ac6.mcu.externaltools.arm-none.win32_1.16.0.201807130628/tools/compiler/bin/../lib/gcc/arm-none-eabi/7.2.1/../../../../arm-none-eabi/lib/thumb/v7e-m/fpv4-sp/hard\libc.a(lib_a-mprec.o)
                0x080095e8                __multadd
 .text.__hi0bits
                0x08009668       0x40 d:/ac6/systemworkbench/plugins/fr.ac6.mcu.externaltools.arm-none.win32_1.16.0.201807130628/tools/compiler/bin/../lib/gcc/arm-none-eabi/7.2.1/../../../../arm-none-eabi/lib/thumb/v7e-m/fpv4-sp/hard\libc.a(lib_a-mprec.o)
                0x08009668                __hi0bits
 .text.__lo0bits
                0x080096a8       0x60 d:/ac6/systemworkbench/plugins/fr.ac6.mcu.externaltools.arm-none.win32_1.16.0.201807130628/tools/compiler/bin/../lib/gcc/arm-none-eabi/7.2.1/../../../../arm-none-eabi/lib/thumb/v7e-m/fpv4-sp/hard\libc.a(lib_a-mprec.o)
                0x080096a8                __lo0bits
 .text.__i2b    0x08009708       0x14 d:/ac6/systemworkbench/plugins/fr.ac6.mcu.externaltools.arm-none.win32_1.16.0.201807130628/tools/compiler/bin/../lib/gcc/arm-none-eabi/7.2.1/../../../../arm-none-eabi/lib/thumb/v7e-m/fpv4-sp/hard\libc.a(lib_a-mprec.o)
                0x08009708                __i2b
 .text.__multiply
                0x0800971c      0x14c d:/ac6/systemworkbench/plugins/fr.ac6.mcu.externaltools.arm-none.win32_1.16.0.201807130628/tools/compiler/bin/../lib/gcc/arm-none-eabi/7.2.1/../../../../arm-none-eabi/lib/thumb/v7e-m/fpv4-sp/hard\libc.a(lib_a-mprec.o)
                0x0800971c                __multiply
 .text.__pow5mult
                0x08009868       0xa0 d:/ac6/systemworkbench/plugins/fr.ac6.mcu.externaltools.arm-none.win32_1.16.0.201807130628/tools/compiler/bin/../lib/gcc/arm-none-eabi/7.2.1/../../../../arm-none-eabi/lib/thumb/v7e-m/fpv4-sp/hard\libc.a(lib_a-mprec.o)
                0x08009868                __pow5mult
 .text.__lshift
                0x08009908       0xac d:/ac6/systemworkbench/plugins/fr.ac6.mcu.externaltools.arm-none.win32_1.16.0.201807130628/tools/compiler/bin/../lib/gcc/arm-none-eabi/7.2.1/../../../../arm-none-eabi/lib/thumb/v7e-m/fpv4-sp/hard\libc.a(lib_a-mprec.o)
                0x08009908                __lshift
 .text.__mcmp   0x080099b4       0x38 d:/ac6/systemworkbench/plugins/fr.ac6.mcu.externaltools.arm-none.win32_1.16.0.201807130628/tools/compiler/bin/../lib/gcc/arm-none-eabi/7.2.1/../../../../arm-none-eabi/lib/thumb/v7e-m/fpv4-sp/hard\libc.a(lib_a-mprec.o)
                0x080099b4                __mcmp
 .text.__mdiff  0x080099ec       0xec d:/ac6/systemworkbench/plugins/fr.ac6.mcu.externaltools.arm-none.win32_1.16.0.201807130628/tools/compiler/bin/../lib/gcc/arm-none-eabi/7.2.1/../../../../arm-none-eabi/lib/thumb/v7e-m/fpv4-sp/hard\libc.a(lib_a-mprec.o)
                0x080099ec                __mdiff
 .text.__d2b    0x08009ad8       0xc4 d:/ac6/systemworkbench/plugins/fr.ac6.mcu.externaltools.arm-none.win32_1.16.0.201807130628/tools/compiler/bin/../lib/gcc/arm-none-eabi/7.2.1/../../../../arm-none-eabi/lib/thumb/v7e-m/fpv4-sp/hard\libc.a(lib_a-mprec.o)
                0x08009ad8                __d2b
 .text._sbrk_r  0x08009b9c       0x24 d:/ac6/systemworkbench/plugins/fr.ac6.mcu.externaltools.arm-none.win32_1.16.0.201807130628/tools/compiler/bin/../lib/gcc/arm-none-eabi/7.2.1/../../../../arm-none-eabi/lib/thumb/v7e-m/fpv4-sp/hard\libc.a(lib_a-sbrkr.o)
                0x08009b9c                _sbrk_r
 .text.__ssprint_r
                0x08009bc0       0xf4 d:/ac6/systemworkbench/plugins/fr.ac6.mcu.externaltools.arm-none.win32_1.16.0.201807130628/tools/compiler/bin/../lib/gcc/arm-none-eabi/7.2.1/../../../../arm-none-eabi/lib/thumb/v7e-m/fpv4-sp/hard\libc.a(lib_a-svfiprintf.o)
                0x08009bc0                __ssprint_r
 .text.__register_exitproc
                0x08009cb4       0xc0 d:/ac6/systemworkbench/plugins/fr.ac6.mcu.externaltools.arm-none.win32_1.16.0.201807130628/tools/compiler/bin/../lib/gcc/arm-none-eabi/7.2.1/../../../../arm-none-eabi/lib/thumb/v7e-m/fpv4-sp/hard\libc.a(lib_a-__atexit.o)
                0x08009cb4                __register_exitproc
 .text._calloc_r
                0x08009d74       0x68 d:/ac6/systemworkbench/plugins/fr.ac6.mcu.externaltools.arm-none.win32_1.16.0.201807130628/tools/compiler/bin/../lib/gcc/arm-none-eabi/7.2.1/../../../../arm-none-eabi/lib/thumb/v7e-m/fpv4-sp/hard\libc.a(lib_a-callocr.o)
                0x08009d74                _calloc_r
 .text._malloc_trim_r
                0x08009ddc       0xa0 d:/ac6/systemworkbench/plugins/fr.ac6.mcu.externaltools.arm-none.win32_1.16.0.201807130628/tools/compiler/bin/../lib/gcc/arm-none-eabi/7.2.1/../../../../arm-none-eabi/lib/thumb/v7e-m/fpv4-sp/hard\libc.a(lib_a-freer.o)
                0x08009ddc                _malloc_trim_r
 .text._free_r  0x08009e7c      0x1e8 d:/ac6/systemworkbench/plugins/fr.ac6.mcu.externaltools.arm-none.win32_1.16.0.201807130628/tools/compiler/bin/../lib/gcc/arm-none-eabi/7.2.1/../../../../arm-none-eabi/lib/thumb/v7e-m/fpv4-sp/hard\libc.a(lib_a-freer.o)
                0x08009e7c                _free_r
 .text.__ascii_mbtowc
                0x0800a064       0x2c d:/ac6/systemworkbench/plugins/fr.ac6.mcu.externaltools.arm-none.win32_1.16.0.201807130628/tools/compiler/bin/../lib/gcc/arm-none-eabi/7.2.1/../../../../arm-none-eabi/lib/thumb/v7e-m/fpv4-sp/hard\libc.a(lib_a-mbtowc_r.o)
                0x0800a064                __ascii_mbtowc
 .text.memmove  0x0800a090       0xc8 d:/ac6/systemworkbench/plugins/fr.ac6.mcu.externaltools.arm-none.win32_1.16.0.201807130628/tools/compiler/bin/../lib/gcc/arm-none-eabi/7.2.1/../../../../arm-none-eabi/lib/thumb/v7e-m/fpv4-sp/hard\libc.a(lib_a-memmove.o)
                0x0800a090                memmove
 .text._realloc_r
                0x0800a158      0x35c d:/ac6/systemworkbench/plugins/fr.ac6.mcu.externaltools.arm-none.win32_1.16.0.201807130628/tools/compiler/bin/../lib/gcc/arm-none-eabi/7.2.1/../../../../arm-none-eabi/lib/thumb/v7e-m/fpv4-sp/hard\libc.a(lib_a-reallocr.o)
                0x0800a158                _realloc_r
 .text.__ascii_wctomb
                0x0800a4b4       0x1c d:/ac6/systemworkbench/plugins/fr.ac6.mcu.externaltools.arm-none.win32_1.16.0.201807130628/tools/compiler/bin/../lib/gcc/arm-none-eabi/7.2.1/../../../../arm-none-eabi/lib/thumb/v7e-m/fpv4-sp/hard\libc.a(lib_a-wctomb_r.o)
                0x0800a4b4                __ascii_wctomb
 *(.glue_7)
 .glue_7        0x0800a4d0        0x0 linker stubs
 *(.glue_7t)
 .glue_7t       0x0800a4d0        0x0 linker stubs
 *(.eh_frame)
 .eh_frame      0x0800a4d0        0x0 d:/ac6/systemworkbench/plugins/fr.ac6.mcu.externaltools.arm-none.win32_1.16.0.201807130628/tools/compiler/bin/../lib/gcc/arm-none-eabi/7.2.1/thumb/v7e-m/fpv4-sp/hard/crtbegin.o
 *(.init)
 .init          0x0800a4d0        0x4 d:/ac6/systemworkbench/plugins/fr.ac6.mcu.externaltools.arm-none.win32_1.16.0.201807130628/tools/compiler/bin/../lib/gcc/arm-none-eabi/7.2.1/thumb/v7e-m/fpv4-sp/hard/crti.o
                0x0800a4d0                _init
 .init          0x0800a4d4        0x8 d:/ac6/systemworkbench/plugins/fr.ac6.mcu.externaltools.arm-none.win32_1.16.0.201807130628/tools/compiler/bin/../lib/gcc/arm-none-eabi/7.2.1/thumb/v7e-m/fpv4-sp/hard/crtn.o
 *(.fini)
 .fini          0x0800a4dc        0x4 d:/ac6/systemworkbench/plugins/fr.ac6.mcu.externaltools.arm-none.win32_1.16.0.201807130628/tools/compiler/bin/../lib/gcc/arm-none-eabi/7.2.1/thumb/v7e-m/fpv4-sp/hard/crti.o
                0x0800a4dc                _fini
 .fini          0x0800a4e0        0x8 d:/ac6/systemworkbench/plugins/fr.ac6.mcu.externaltools.arm-none.win32_1.16.0.201807130628/tools/compiler/bin/../lib/gcc/arm-none-eabi/7.2.1/thumb/v7e-m/fpv4-sp/hard/crtn.o
                0x0800a4e8                . = ALIGN (0x4)
                0x0800a4e8                _etext = .

.vfp11_veneer   0x0800a4e8        0x0
 .vfp11_veneer  0x0800a4e8        0x0 linker stubs

.v4_bx          0x0800a4e8        0x0
 .v4_bx         0x0800a4e8        0x0 linker stubs

.iplt           0x0800a4e8        0x0
 .iplt          0x0800a4e8        0x0 d:/ac6/systemworkbench/plugins/fr.ac6.mcu.externaltools.arm-none.win32_1.16.0.201807130628/tools/compiler/bin/../lib/gcc/arm-none-eabi/7.2.1/thumb/v7e-m/fpv4-sp/hard/crtbegin.o

.rodata         0x0800a4e8      0x440
                0x0800a4e8                . = ALIGN (0x4)
 *(.rodata)
 .rodata        0x0800a4e8        0x5 Third-Party/FreeRTOS/org/Source/tasks.o
 *fill*         0x0800a4ed        0x3 
 .rodata        0x0800a4f0        0xd Third-Party/FreeRTOS/org/Source/timers.o
 *fill*         0x0800a4fd        0x3 
 .rodata        0x0800a500       0x60 Third-Party/SEGGER/OS/SEGGER_SYSVIEW_FreeRTOS.o
                0x0800a558                SYSVIEW_X_OS_TraceAPI
 .rodata        0x0800a560       0x17 Third-Party/SEGGER/SEGGER/SEGGER_RTT.o
 *fill*         0x0800a577        0x1 
 .rodata        0x0800a578       0x24 Third-Party/SEGGER/SEGGER/SEGGER_SYSVIEW.o
 .rodata        0x0800a59c      0x101 src/main.o
 *(.rodata*)
 *fill*         0x0800a69d        0x3 
 .rodata._global_impure_ptr
                0x0800a6a0        0x4 d:/ac6/systemworkbench/plugins/fr.ac6.mcu.externaltools.arm-none.win32_1.16.0.201807130628/tools/compiler/bin/../lib/gcc/arm-none-eabi/7.2.1/../../../../arm-none-eabi/lib/thumb/v7e-m/fpv4-sp/hard\libc.a(lib_a-impure.o)
                0x0800a6a0                _global_impure_ptr
 .rodata._svfprintf_r.str1.4
                0x0800a6a4       0x42 d:/ac6/systemworkbench/plugins/fr.ac6.mcu.externaltools.arm-none.win32_1.16.0.201807130628/tools/compiler/bin/../lib/gcc/arm-none-eabi/7.2.1/../../../../arm-none-eabi/lib/thumb/v7e-m/fpv4-sp/hard\libc.a(lib_a-svfprintf.o)
 *fill*         0x0800a6e6        0x2 
 .rodata.blanks.8551
                0x0800a6e8       0x10 d:/ac6/systemworkbench/plugins/fr.ac6.mcu.externaltools.arm-none.win32_1.16.0.201807130628/tools/compiler/bin/../lib/gcc/arm-none-eabi/7.2.1/../../../../arm-none-eabi/lib/thumb/v7e-m/fpv4-sp/hard\libc.a(lib_a-svfprintf.o)
 .rodata.zeroes.8552
                0x0800a6f8       0x10 d:/ac6/systemworkbench/plugins/fr.ac6.mcu.externaltools.arm-none.win32_1.16.0.201807130628/tools/compiler/bin/../lib/gcc/arm-none-eabi/7.2.1/../../../../arm-none-eabi/lib/thumb/v7e-m/fpv4-sp/hard\libc.a(lib_a-svfprintf.o)
 .rodata._dtoa_r.str1.4
                0x0800a708       0x10 d:/ac6/systemworkbench/plugins/fr.ac6.mcu.externaltools.arm-none.win32_1.16.0.201807130628/tools/compiler/bin/../lib/gcc/arm-none-eabi/7.2.1/../../../../arm-none-eabi/lib/thumb/v7e-m/fpv4-sp/hard\libc.a(lib_a-dtoa.o)
                                 0x12 (size before relaxing)
 .rodata.__mprec_bigtens
                0x0800a718       0x28 d:/ac6/systemworkbench/plugins/fr.ac6.mcu.externaltools.arm-none.win32_1.16.0.201807130628/tools/compiler/bin/../lib/gcc/arm-none-eabi/7.2.1/../../../../arm-none-eabi/lib/thumb/v7e-m/fpv4-sp/hard\libc.a(lib_a-mprec.o)
                0x0800a718                __mprec_bigtens
 .rodata.__mprec_tens
                0x0800a740       0xc8 d:/ac6/systemworkbench/plugins/fr.ac6.mcu.externaltools.arm-none.win32_1.16.0.201807130628/tools/compiler/bin/../lib/gcc/arm-none-eabi/7.2.1/../../../../arm-none-eabi/lib/thumb/v7e-m/fpv4-sp/hard\libc.a(lib_a-mprec.o)
                0x0800a740                __mprec_tens
 .rodata.p05.7367
                0x0800a808        0xc d:/ac6/systemworkbench/plugins/fr.ac6.mcu.externaltools.arm-none.win32_1.16.0.201807130628/tools/compiler/bin/../lib/gcc/arm-none-eabi/7.2.1/../../../../arm-none-eabi/lib/thumb/v7e-m/fpv4-sp/hard\libc.a(lib_a-mprec.o)
 .rodata._setlocale_r.str1.4
                0x0800a814        0xa d:/ac6/systemworkbench/plugins/fr.ac6.mcu.externaltools.arm-none.win32_1.16.0.201807130628/tools/compiler/bin/../lib/gcc/arm-none-eabi/7.2.1/../../../../arm-none-eabi/lib/thumb/v7e-m/fpv4-sp/hard\libc.a(lib_a-locale.o)
                                  0xd (size before relaxing)
 *fill*         0x0800a81e        0x2 
 .rodata.str1.4
                0x0800a820        0x4 d:/ac6/systemworkbench/plugins/fr.ac6.mcu.externaltools.arm-none.win32_1.16.0.201807130628/tools/compiler/bin/../lib/gcc/arm-none-eabi/7.2.1/../../../../arm-none-eabi/lib/thumb/v7e-m/fpv4-sp/hard\libc.a(lib_a-locale.o)
                                  0x2 (size before relaxing)
 .rodata._ctype_
                0x0800a824      0x101 d:/ac6/systemworkbench/plugins/fr.ac6.mcu.externaltools.arm-none.win32_1.16.0.201807130628/tools/compiler/bin/../lib/gcc/arm-none-eabi/7.2.1/../../../../arm-none-eabi/lib/thumb/v7e-m/fpv4-sp/hard\libc.a(lib_a-ctype_.o)
                0x0800a824                _ctype_
                0x0800a928                . = ALIGN (0x4)
 *fill*         0x0800a925        0x3 

.ARM.extab      0x0800a928        0x0
                0x0800a928                . = ALIGN (0x4)
 *(.ARM.extab* .gnu.linkonce.armextab.*)
                0x0800a928                . = ALIGN (0x4)

.ARM            0x0800a928        0x8
                0x0800a928                . = ALIGN (0x4)
                0x0800a928                __exidx_start = .
 *(.ARM.exidx*)
 .ARM.exidx     0x0800a928        0x8 d:/ac6/systemworkbench/plugins/fr.ac6.mcu.externaltools.arm-none.win32_1.16.0.201807130628/tools/compiler/bin/../lib/gcc/arm-none-eabi/7.2.1/thumb/v7e-m/fpv4-sp/hard\libgcc.a(_udivmoddi4.o)
                0x0800a930                __exidx_end = .
                0x0800a930                . = ALIGN (0x4)

.rel.dyn        0x0800a930        0x0
 .rel.iplt      0x0800a930        0x0 d:/ac6/systemworkbench/plugins/fr.ac6.mcu.externaltools.arm-none.win32_1.16.0.201807130628/tools/compiler/bin/../lib/gcc/arm-none-eabi/7.2.1/thumb/v7e-m/fpv4-sp/hard/crtbegin.o

.preinit_array  0x0800a930        0x0
                0x0800a930                . = ALIGN (0x4)
                0x0800a930                PROVIDE (__preinit_array_start, .)
 *(.preinit_array*)
                0x0800a930                PROVIDE (__preinit_array_end, .)
                0x0800a930                . = ALIGN (0x4)

.init_array     0x0800a930        0x8
                0x0800a930                . = ALIGN (0x4)
                0x0800a930                PROVIDE (__init_array_start, .)
 *(SORT_BY_NAME(.init_array.*))
 .init_array.00000
                0x0800a930        0x4 d:/ac6/systemworkbench/plugins/fr.ac6.mcu.externaltools.arm-none.win32_1.16.0.201807130628/tools/compiler/bin/../lib/gcc/arm-none-eabi/7.2.1/../../../../arm-none-eabi/lib/thumb/v7e-m/fpv4-sp/hard\libc.a(lib_a-__call_atexit.o)
 *(.init_array*)
 .init_array    0x0800a934        0x4 d:/ac6/systemworkbench/plugins/fr.ac6.mcu.externaltools.arm-none.win32_1.16.0.201807130628/tools/compiler/bin/../lib/gcc/arm-none-eabi/7.2.1/thumb/v7e-m/fpv4-sp/hard/crtbegin.o
                0x0800a938                PROVIDE (__init_array_end, .)
                0x0800a938                . = ALIGN (0x4)

.fini_array     0x0800a938        0x4
                0x0800a938                . = ALIGN (0x4)
                0x0800a938                PROVIDE (__fini_array_start, .)
 *(SORT_BY_NAME(.fini_array.*))
 *(.fini_array*)
 .fini_array    0x0800a938        0x4 d:/ac6/systemworkbench/plugins/fr.ac6.mcu.externaltools.arm-none.win32_1.16.0.201807130628/tools/compiler/bin/../lib/gcc/arm-none-eabi/7.2.1/thumb/v7e-m/fpv4-sp/hard/crtbegin.o
                0x0800a93c                PROVIDE (__fini_array_end, .)
                0x0800a93c                . = ALIGN (0x4)
                0x0800a93c                _sidata = LOADADDR (.data)

.data           0x20000000      0xac0 load address 0x0800a93c
                0x20000000                . = ALIGN (0x4)
                0x20000000                _sdata = .
 *(.data)
 .data          0x20000000       0x10 StdPeriph_Driver/src/stm32f4xx_rcc.o
 .data          0x20000010        0x4 Third-Party/FreeRTOS/org/Source/portable/GCC/ARM_CM4F/port.o
 .data          0x20000014       0xe6 src/main.o
                0x20000014                menu
 *fill*         0x200000fa        0x2 
 .data          0x200000fc       0x14 src/system_stm32f4xx.o
                0x200000fc                SystemCoreClock
                0x20000100                AHBPrescTable
 *(.data*)
 .data._impure_ptr
                0x20000110        0x4 d:/ac6/systemworkbench/plugins/fr.ac6.mcu.externaltools.arm-none.win32_1.16.0.201807130628/tools/compiler/bin/../lib/gcc/arm-none-eabi/7.2.1/../../../../arm-none-eabi/lib/thumb/v7e-m/fpv4-sp/hard\libc.a(lib_a-impure.o)
                0x20000110                _impure_ptr
 *fill*         0x20000114        0x4 
 .data.impure_data
                0x20000118      0x428 d:/ac6/systemworkbench/plugins/fr.ac6.mcu.externaltools.arm-none.win32_1.16.0.201807130628/tools/compiler/bin/../lib/gcc/arm-none-eabi/7.2.1/../../../../arm-none-eabi/lib/thumb/v7e-m/fpv4-sp/hard\libc.a(lib_a-impure.o)
 .data.__atexit_recursive_mutex
                0x20000540        0x4 d:/ac6/systemworkbench/plugins/fr.ac6.mcu.externaltools.arm-none.win32_1.16.0.201807130628/tools/compiler/bin/../lib/gcc/arm-none-eabi/7.2.1/../../../../arm-none-eabi/lib/thumb/v7e-m/fpv4-sp/hard\libc.a(lib_a-__call_atexit.o)
                0x20000540                __atexit_recursive_mutex
 .data.__malloc_av_
                0x20000544      0x408 d:/ac6/systemworkbench/plugins/fr.ac6.mcu.externaltools.arm-none.win32_1.16.0.201807130628/tools/compiler/bin/../lib/gcc/arm-none-eabi/7.2.1/../../../../arm-none-eabi/lib/thumb/v7e-m/fpv4-sp/hard\libc.a(lib_a-mallocr.o)
                0x20000544                __malloc_av_
 .data.__malloc_sbrk_base
                0x2000094c        0x4 d:/ac6/systemworkbench/plugins/fr.ac6.mcu.externaltools.arm-none.win32_1.16.0.201807130628/tools/compiler/bin/../lib/gcc/arm-none-eabi/7.2.1/../../../../arm-none-eabi/lib/thumb/v7e-m/fpv4-sp/hard\libc.a(lib_a-mallocr.o)
                0x2000094c                __malloc_sbrk_base
 .data.__malloc_trim_threshold
                0x20000950        0x4 d:/ac6/systemworkbench/plugins/fr.ac6.mcu.externaltools.arm-none.win32_1.16.0.201807130628/tools/compiler/bin/../lib/gcc/arm-none-eabi/7.2.1/../../../../arm-none-eabi/lib/thumb/v7e-m/fpv4-sp/hard\libc.a(lib_a-mallocr.o)
                0x20000950                __malloc_trim_threshold
 .data.__global_locale
                0x20000954      0x16c d:/ac6/systemworkbench/plugins/fr.ac6.mcu.externaltools.arm-none.win32_1.16.0.201807130628/tools/compiler/bin/../lib/gcc/arm-none-eabi/7.2.1/../../../../arm-none-eabi/lib/thumb/v7e-m/fpv4-sp/hard\libc.a(lib_a-locale.o)
                0x20000954                __global_locale
                0x20000ac0                . = ALIGN (0x4)
                0x20000ac0                _edata = .

.igot.plt       0x20000ac0        0x0 load address 0x0800b3fc
 .igot.plt      0x20000ac0        0x0 d:/ac6/systemworkbench/plugins/fr.ac6.mcu.externaltools.arm-none.win32_1.16.0.201807130628/tools/compiler/bin/../lib/gcc/arm-none-eabi/7.2.1/thumb/v7e-m/fpv4-sp/hard/crtbegin.o
                0x20000ac0                . = ALIGN (0x4)

.bss            0x20000ac0    0x175cc load address 0x0800b3fc
                0x20000ac0                _sbss = .
                0x20000ac0                __bss_start__ = _sbss
 *(.bss)
 .bss           0x20000ac0       0x1c d:/ac6/systemworkbench/plugins/fr.ac6.mcu.externaltools.arm-none.win32_1.16.0.201807130628/tools/compiler/bin/../lib/gcc/arm-none-eabi/7.2.1/thumb/v7e-m/fpv4-sp/hard/crtbegin.o
 .bss           0x20000adc      0x104 Third-Party/FreeRTOS/org/Source/tasks.o
                0x20000adc                pxCurrentTCB
 .bss           0x20000be0       0x3c Third-Party/FreeRTOS/org/Source/timers.o
 .bss           0x20000c1c        0x8 Third-Party/FreeRTOS/org/Source/portable/GCC/ARM_CM4F/port.o
 .bss           0x20000c24    0x12c18 Third-Party/FreeRTOS/org/Source/portable/MemMang/heap_4.o
 .bss           0x2001383c       0xa4 Third-Party/SEGGER/OS/SEGGER_SYSVIEW_FreeRTOS.o
 .bss           0x200138e0      0x411 Third-Party/SEGGER/SEGGER/SEGGER_RTT.o
 *fill*         0x20013cf1        0x3 
 .bss           0x20013cf4     0x411b Third-Party/SEGGER/SEGGER/SEGGER_SYSVIEW.o
 *fill*         0x20017e0f        0x1 
 .bss           0x20017e10      0x119 src/main.o
                0x20017e10                usr_msg
                0x20017f0c                xTaskHandle1
                0x20017f10                xTaskHandle2
                0x20017f14                xTaskHandle3
                0x20017f18                xTaskHandle4
                0x20017f1c                command_queue
                0x20017f20                uart_write_queue
                0x20017f24                led_timer_handle
                0x20017f28                command_len
 *fill*         0x20017f29        0x3 
 .bss           0x20017f2c        0x8 src/syscalls.o
                0x20017f2c                __env
 *(.bss*)
 .bss.__malloc_current_mallinfo
                0x20017f34       0x28 d:/ac6/systemworkbench/plugins/fr.ac6.mcu.externaltools.arm-none.win32_1.16.0.201807130628/tools/compiler/bin/../lib/gcc/arm-none-eabi/7.2.1/../../../../arm-none-eabi/lib/thumb/v7e-m/fpv4-sp/hard\libc.a(lib_a-mallocr.o)
                0x20017f34                __malloc_current_mallinfo
 .bss.__malloc_max_sbrked_mem
                0x20017f5c        0x4 d:/ac6/systemworkbench/plugins/fr.ac6.mcu.externaltools.arm-none.win32_1.16.0.201807130628/tools/compiler/bin/../lib/gcc/arm-none-eabi/7.2.1/../../../../arm-none-eabi/lib/thumb/v7e-m/fpv4-sp/hard\libc.a(lib_a-mallocr.o)
                0x20017f5c                __malloc_max_sbrked_mem
 .bss.__malloc_max_total_mem
                0x20017f60        0x4 d:/ac6/systemworkbench/plugins/fr.ac6.mcu.externaltools.arm-none.win32_1.16.0.201807130628/tools/compiler/bin/../lib/gcc/arm-none-eabi/7.2.1/../../../../arm-none-eabi/lib/thumb/v7e-m/fpv4-sp/hard\libc.a(lib_a-mallocr.o)
                0x20017f60                __malloc_max_total_mem
 .bss.__malloc_top_pad
                0x20017f64        0x4 d:/ac6/systemworkbench/plugins/fr.ac6.mcu.externaltools.arm-none.win32_1.16.0.201807130628/tools/compiler/bin/../lib/gcc/arm-none-eabi/7.2.1/../../../../arm-none-eabi/lib/thumb/v7e-m/fpv4-sp/hard\libc.a(lib_a-mallocr.o)
                0x20017f64                __malloc_top_pad
 *(COMMON)
 COMMON         0x20017f68       0x40 Third-Party/FreeRTOS/org/Source/queue.o
                0x20017f68                xQueueRegistry
 COMMON         0x20017fa8       0xa8 Third-Party/SEGGER/SEGGER/SEGGER_RTT.o
                0x20017fa8                _SEGGER_RTT
 COMMON         0x20018050       0x14 src/main.o
                0x20018050                command_buffer
 COMMON         0x20018064       0x21 d:/ac6/systemworkbench/plugins/fr.ac6.mcu.externaltools.arm-none.win32_1.16.0.201807130628/tools/compiler/bin/../lib/gcc/arm-none-eabi/7.2.1/../../../../arm-none-eabi/lib/thumb/v7e-m/fpv4-sp/hard\libc.a(lib_a-lock.o)
                0x20018064                __lock___atexit_recursive_mutex
                0x20018068                __lock___arc4random_mutex
                0x2001806c                __lock___env_recursive_mutex
                0x20018070                __lock___sinit_recursive_mutex
                0x20018074                __lock___malloc_recursive_mutex
                0x20018078                __lock___at_quick_exit_mutex
                0x2001807c                __lock___dd_hash_mutex
                0x20018080                __lock___tz_mutex
                0x20018084                __lock___sfp_recursive_mutex
 *fill*         0x20018085        0x3 
 COMMON         0x20018088        0x4 d:/ac6/systemworkbench/plugins/fr.ac6.mcu.externaltools.arm-none.win32_1.16.0.201807130628/tools/compiler/bin/../lib/gcc/arm-none-eabi/7.2.1/../../../../arm-none-eabi/lib/thumb/v7e-m/fpv4-sp/hard\libc.a(lib_a-reent.o)
                0x20018088                errno
                0x2001808c                . = ALIGN (0x4)
                0x2001808c                _ebss = .
                0x2001808c                __bss_end__ = _ebss

._user_heap_stack
                0x2001808c      0x404 load address 0x0800b3fc
                0x20018090                . = ALIGN (0x8)
 *fill*         0x2001808c        0x4 
                0x20018090                PROVIDE (end, .)
                [!provide]                PROVIDE (_end, .)
                0x20018090                . = (. + _Min_Heap_Size)
                0x20018490                . = (. + _Min_Stack_Size)
 *fill*         0x20018090      0x400 
                0x20018490                . = ALIGN (0x8)

/DISCARD/
 libc.a(*)
 libm.a(*)
 libgcc.a(*)

.ARM.attributes
                0x00000000       0x30
 *(.ARM.attributes)
 .ARM.attributes
                0x00000000       0x22 d:/ac6/systemworkbench/plugins/fr.ac6.mcu.externaltools.arm-none.win32_1.16.0.201807130628/tools/compiler/bin/../lib/gcc/arm-none-eabi/7.2.1/thumb/v7e-m/fpv4-sp/hard/crti.o
 .ARM.attributes
                0x00000022       0x34 d:/ac6/systemworkbench/plugins/fr.ac6.mcu.externaltools.arm-none.win32_1.16.0.201807130628/tools/compiler/bin/../lib/gcc/arm-none-eabi/7.2.1/thumb/v7e-m/fpv4-sp/hard/crtbegin.o
 .ARM.attributes
                0x00000056       0x39 StdPeriph_Driver/src/stm32f4xx_exti.o
 .ARM.attributes
                0x0000008f       0x39 StdPeriph_Driver/src/stm32f4xx_gpio.o
 .ARM.attributes
                0x000000c8       0x39 StdPeriph_Driver/src/stm32f4xx_rcc.o
 .ARM.attributes
                0x00000101       0x39 StdPeriph_Driver/src/stm32f4xx_rtc.o
 .ARM.attributes
                0x0000013a       0x39 StdPeriph_Driver/src/stm32f4xx_syscfg.o
 .ARM.attributes
                0x00000173       0x39 StdPeriph_Driver/src/stm32f4xx_usart.o
 .ARM.attributes
                0x000001ac       0x39 Third-Party/FreeRTOS/org/Source/list.o
 .ARM.attributes
                0x000001e5       0x39 Third-Party/FreeRTOS/org/Source/queue.o
 .ARM.attributes
                0x0000021e       0x39 Third-Party/FreeRTOS/org/Source/tasks.o
 .ARM.attributes
                0x00000257       0x39 Third-Party/FreeRTOS/org/Source/timers.o
 .ARM.attributes
                0x00000290       0x39 Third-Party/FreeRTOS/org/Source/portable/GCC/ARM_CM4F/port.o
 .ARM.attributes
                0x000002c9       0x39 Third-Party/FreeRTOS/org/Source/portable/MemMang/heap_4.o
 .ARM.attributes
                0x00000302       0x39 Third-Party/SEGGER/OS/SEGGER_SYSVIEW_FreeRTOS.o
 .ARM.attributes
                0x0000033b       0x39 Third-Party/SEGGER/SEGGER/SEGGER_RTT.o
 .ARM.attributes
                0x00000374       0x39 Third-Party/SEGGER/SEGGER/SEGGER_SYSVIEW.o
 .ARM.attributes
                0x000003ad       0x39 src/main.o
 .ARM.attributes
                0x000003e6       0x39 src/syscalls.o
 .ARM.attributes
                0x0000041f       0x39 src/system_stm32f4xx.o
 .ARM.attributes
                0x00000458       0x21 startup/startup_stm32.o
 .ARM.attributes
                0x00000479       0x34 d:/ac6/systemworkbench/plugins/fr.ac6.mcu.externaltools.arm-none.win32_1.16.0.201807130628/tools/compiler/bin/../lib/gcc/arm-none-eabi/7.2.1/../../../../arm-none-eabi/lib/thumb/v7e-m/fpv4-sp/hard\libc.a(lib_a-errno.o)
 .ARM.attributes
                0x000004ad       0x34 d:/ac6/systemworkbench/plugins/fr.ac6.mcu.externaltools.arm-none.win32_1.16.0.201807130628/tools/compiler/bin/../lib/gcc/arm-none-eabi/7.2.1/../../../../arm-none-eabi/lib/thumb/v7e-m/fpv4-sp/hard\libc.a(lib_a-impure.o)
 .ARM.attributes
                0x000004e1       0x34 d:/ac6/systemworkbench/plugins/fr.ac6.mcu.externaltools.arm-none.win32_1.16.0.201807130628/tools/compiler/bin/../lib/gcc/arm-none-eabi/7.2.1/../../../../arm-none-eabi/lib/thumb/v7e-m/fpv4-sp/hard\libc.a(lib_a-init.o)
 .ARM.attributes
                0x00000515       0x34 d:/ac6/systemworkbench/plugins/fr.ac6.mcu.externaltools.arm-none.win32_1.16.0.201807130628/tools/compiler/bin/../lib/gcc/arm-none-eabi/7.2.1/../../../../arm-none-eabi/lib/thumb/v7e-m/fpv4-sp/hard\libc.a(lib_a-memcmp.o)
 .ARM.attributes
                0x00000549       0x20 d:/ac6/systemworkbench/plugins/fr.ac6.mcu.externaltools.arm-none.win32_1.16.0.201807130628/tools/compiler/bin/../lib/gcc/arm-none-eabi/7.2.1/../../../../arm-none-eabi/lib/thumb/v7e-m/fpv4-sp/hard\libc.a(lib_a-memcpy.o)
 .ARM.attributes
                0x00000569       0x34 d:/ac6/systemworkbench/plugins/fr.ac6.mcu.externaltools.arm-none.win32_1.16.0.201807130628/tools/compiler/bin/../lib/gcc/arm-none-eabi/7.2.1/../../../../arm-none-eabi/lib/thumb/v7e-m/fpv4-sp/hard\libc.a(lib_a-memset.o)
 .ARM.attributes
                0x0000059d       0x34 d:/ac6/systemworkbench/plugins/fr.ac6.mcu.externaltools.arm-none.win32_1.16.0.201807130628/tools/compiler/bin/../lib/gcc/arm-none-eabi/7.2.1/../../../../arm-none-eabi/lib/thumb/v7e-m/fpv4-sp/hard\libc.a(lib_a-sprintf.o)
 .ARM.attributes
                0x000005d1       0x20 d:/ac6/systemworkbench/plugins/fr.ac6.mcu.externaltools.arm-none.win32_1.16.0.201807130628/tools/compiler/bin/../lib/gcc/arm-none-eabi/7.2.1/../../../../arm-none-eabi/lib/thumb/v7e-m/fpv4-sp/hard\libc.a(lib_a-strlen.o)
 .ARM.attributes
                0x000005f1       0x34 d:/ac6/systemworkbench/plugins/fr.ac6.mcu.externaltools.arm-none.win32_1.16.0.201807130628/tools/compiler/bin/../lib/gcc/arm-none-eabi/7.2.1/../../../../arm-none-eabi/lib/thumb/v7e-m/fpv4-sp/hard\libc.a(lib_a-svfprintf.o)
 .ARM.attributes
                0x00000625       0x34 d:/ac6/systemworkbench/plugins/fr.ac6.mcu.externaltools.arm-none.win32_1.16.0.201807130628/tools/compiler/bin/../lib/gcc/arm-none-eabi/7.2.1/../../../../arm-none-eabi/lib/thumb/v7e-m/fpv4-sp/hard\libc.a(lib_a-__call_atexit.o)
 .ARM.attributes
                0x00000659       0x34 d:/ac6/systemworkbench/plugins/fr.ac6.mcu.externaltools.arm-none.win32_1.16.0.201807130628/tools/compiler/bin/../lib/gcc/arm-none-eabi/7.2.1/../../../../arm-none-eabi/lib/thumb/v7e-m/fpv4-sp/hard\libc.a(lib_a-atexit.o)
 .ARM.attributes
                0x0000068d       0x34 d:/ac6/systemworkbench/plugins/fr.ac6.mcu.externaltools.arm-none.win32_1.16.0.201807130628/tools/compiler/bin/../lib/gcc/arm-none-eabi/7.2.1/../../../../arm-none-eabi/lib/thumb/v7e-m/fpv4-sp/hard\libc.a(lib_a-dtoa.o)
 .ARM.attributes
                0x000006c1       0x34 d:/ac6/systemworkbench/plugins/fr.ac6.mcu.externaltools.arm-none.win32_1.16.0.201807130628/tools/compiler/bin/../lib/gcc/arm-none-eabi/7.2.1/../../../../arm-none-eabi/lib/thumb/v7e-m/fpv4-sp/hard\libc.a(lib_a-fini.o)
 .ARM.attributes
                0x000006f5       0x34 d:/ac6/systemworkbench/plugins/fr.ac6.mcu.externaltools.arm-none.win32_1.16.0.201807130628/tools/compiler/bin/../lib/gcc/arm-none-eabi/7.2.1/../../../../arm-none-eabi/lib/thumb/v7e-m/fpv4-sp/hard\libc.a(lib_a-localeconv.o)
 .ARM.attributes
                0x00000729       0x34 d:/ac6/systemworkbench/plugins/fr.ac6.mcu.externaltools.arm-none.win32_1.16.0.201807130628/tools/compiler/bin/../lib/gcc/arm-none-eabi/7.2.1/../../../../arm-none-eabi/lib/thumb/v7e-m/fpv4-sp/hard\libc.a(lib_a-lock.o)
 .ARM.attributes
                0x0000075d       0x34 d:/ac6/systemworkbench/plugins/fr.ac6.mcu.externaltools.arm-none.win32_1.16.0.201807130628/tools/compiler/bin/../lib/gcc/arm-none-eabi/7.2.1/../../../../arm-none-eabi/lib/thumb/v7e-m/fpv4-sp/hard\libc.a(lib_a-mallocr.o)
 .ARM.attributes
                0x00000791       0x20 d:/ac6/systemworkbench/plugins/fr.ac6.mcu.externaltools.arm-none.win32_1.16.0.201807130628/tools/compiler/bin/../lib/gcc/arm-none-eabi/7.2.1/../../../../arm-none-eabi/lib/thumb/v7e-m/fpv4-sp/hard\libc.a(lib_a-memchr.o)
 .ARM.attributes
                0x000007b1       0x34 d:/ac6/systemworkbench/plugins/fr.ac6.mcu.externaltools.arm-none.win32_1.16.0.201807130628/tools/compiler/bin/../lib/gcc/arm-none-eabi/7.2.1/../../../../arm-none-eabi/lib/thumb/v7e-m/fpv4-sp/hard\libc.a(lib_a-mlock.o)
 .ARM.attributes
                0x000007e5       0x34 d:/ac6/systemworkbench/plugins/fr.ac6.mcu.externaltools.arm-none.win32_1.16.0.201807130628/tools/compiler/bin/../lib/gcc/arm-none-eabi/7.2.1/../../../../arm-none-eabi/lib/thumb/v7e-m/fpv4-sp/hard\libc.a(lib_a-mprec.o)
 .ARM.attributes
                0x00000819       0x34 d:/ac6/systemworkbench/plugins/fr.ac6.mcu.externaltools.arm-none.win32_1.16.0.201807130628/tools/compiler/bin/../lib/gcc/arm-none-eabi/7.2.1/../../../../arm-none-eabi/lib/thumb/v7e-m/fpv4-sp/hard\libc.a(lib_a-sbrkr.o)
 .ARM.attributes
                0x0000084d       0x34 d:/ac6/systemworkbench/plugins/fr.ac6.mcu.externaltools.arm-none.win32_1.16.0.201807130628/tools/compiler/bin/../lib/gcc/arm-none-eabi/7.2.1/../../../../arm-none-eabi/lib/thumb/v7e-m/fpv4-sp/hard\libc.a(lib_a-svfiprintf.o)
 .ARM.attributes
                0x00000881       0x34 d:/ac6/systemworkbench/plugins/fr.ac6.mcu.externaltools.arm-none.win32_1.16.0.201807130628/tools/compiler/bin/../lib/gcc/arm-none-eabi/7.2.1/../../../../arm-none-eabi/lib/thumb/v7e-m/fpv4-sp/hard\libc.a(lib_a-__atexit.o)
 .ARM.attributes
                0x000008b5       0x34 d:/ac6/systemworkbench/plugins/fr.ac6.mcu.externaltools.arm-none.win32_1.16.0.201807130628/tools/compiler/bin/../lib/gcc/arm-none-eabi/7.2.1/../../../../arm-none-eabi/lib/thumb/v7e-m/fpv4-sp/hard\libc.a(lib_a-callocr.o)
 .ARM.attributes
                0x000008e9       0x34 d:/ac6/systemworkbench/plugins/fr.ac6.mcu.externaltools.arm-none.win32_1.16.0.201807130628/tools/compiler/bin/../lib/gcc/arm-none-eabi/7.2.1/../../../../arm-none-eabi/lib/thumb/v7e-m/fpv4-sp/hard\libc.a(lib_a-freer.o)
 .ARM.attributes
                0x0000091d       0x34 d:/ac6/systemworkbench/plugins/fr.ac6.mcu.externaltools.arm-none.win32_1.16.0.201807130628/tools/compiler/bin/../lib/gcc/arm-none-eabi/7.2.1/../../../../arm-none-eabi/lib/thumb/v7e-m/fpv4-sp/hard\libc.a(lib_a-locale.o)
 .ARM.attributes
                0x00000951       0x34 d:/ac6/systemworkbench/plugins/fr.ac6.mcu.externaltools.arm-none.win32_1.16.0.201807130628/tools/compiler/bin/../lib/gcc/arm-none-eabi/7.2.1/../../../../arm-none-eabi/lib/thumb/v7e-m/fpv4-sp/hard\libc.a(lib_a-mbtowc_r.o)
 .ARM.attributes
                0x00000985       0x34 d:/ac6/systemworkbench/plugins/fr.ac6.mcu.externaltools.arm-none.win32_1.16.0.201807130628/tools/compiler/bin/../lib/gcc/arm-none-eabi/7.2.1/../../../../arm-none-eabi/lib/thumb/v7e-m/fpv4-sp/hard\libc.a(lib_a-memmove.o)
 .ARM.attributes
                0x000009b9       0x34 d:/ac6/systemworkbench/plugins/fr.ac6.mcu.externaltools.arm-none.win32_1.16.0.201807130628/tools/compiler/bin/../lib/gcc/arm-none-eabi/7.2.1/../../../../arm-none-eabi/lib/thumb/v7e-m/fpv4-sp/hard\libc.a(lib_a-reallocr.o)
 .ARM.attributes
                0x000009ed       0x34 d:/ac6/systemworkbench/plugins/fr.ac6.mcu.externaltools.arm-none.win32_1.16.0.201807130628/tools/compiler/bin/../lib/gcc/arm-none-eabi/7.2.1/../../../../arm-none-eabi/lib/thumb/v7e-m/fpv4-sp/hard\libc.a(lib_a-reent.o)
 .ARM.attributes
                0x00000a21       0x34 d:/ac6/systemworkbench/plugins/fr.ac6.mcu.externaltools.arm-none.win32_1.16.0.201807130628/tools/compiler/bin/../lib/gcc/arm-none-eabi/7.2.1/../../../../arm-none-eabi/lib/thumb/v7e-m/fpv4-sp/hard\libc.a(lib_a-wctomb_r.o)
 .ARM.attributes
                0x00000a55       0x34 d:/ac6/systemworkbench/plugins/fr.ac6.mcu.externaltools.arm-none.win32_1.16.0.201807130628/tools/compiler/bin/../lib/gcc/arm-none-eabi/7.2.1/../../../../arm-none-eabi/lib/thumb/v7e-m/fpv4-sp/hard\libc.a(lib_a-ctype_.o)
 .ARM.attributes
                0x00000a89       0x22 d:/ac6/systemworkbench/plugins/fr.ac6.mcu.externaltools.arm-none.win32_1.16.0.201807130628/tools/compiler/bin/../lib/gcc/arm-none-eabi/7.2.1/thumb/v7e-m/fpv4-sp/hard\libgcc.a(_arm_addsubdf3.o)
 .ARM.attributes
                0x00000aab       0x22 d:/ac6/systemworkbench/plugins/fr.ac6.mcu.externaltools.arm-none.win32_1.16.0.201807130628/tools/compiler/bin/../lib/gcc/arm-none-eabi/7.2.1/thumb/v7e-m/fpv4-sp/hard\libgcc.a(_arm_muldivdf3.o)
 .ARM.attributes
                0x00000acd       0x22 d:/ac6/systemworkbench/plugins/fr.ac6.mcu.externaltools.arm-none.win32_1.16.0.201807130628/tools/compiler/bin/../lib/gcc/arm-none-eabi/7.2.1/thumb/v7e-m/fpv4-sp/hard\libgcc.a(_arm_cmpdf2.o)
 .ARM.attributes
                0x00000aef       0x22 d:/ac6/systemworkbench/plugins/fr.ac6.mcu.externaltools.arm-none.win32_1.16.0.201807130628/tools/compiler/bin/../lib/gcc/arm-none-eabi/7.2.1/thumb/v7e-m/fpv4-sp/hard\libgcc.a(_arm_unorddf2.o)
 .ARM.attributes
                0x00000b11       0x22 d:/ac6/systemworkbench/plugins/fr.ac6.mcu.externaltools.arm-none.win32_1.16.0.201807130628/tools/compiler/bin/../lib/gcc/arm-none-eabi/7.2.1/thumb/v7e-m/fpv4-sp/hard\libgcc.a(_arm_fixdfsi.o)
 .ARM.attributes
                0x00000b33       0x22 d:/ac6/systemworkbench/plugins/fr.ac6.mcu.externaltools.arm-none.win32_1.16.0.201807130628/tools/compiler/bin/../lib/gcc/arm-none-eabi/7.2.1/thumb/v7e-m/fpv4-sp/hard\libgcc.a(_aeabi_uldivmod.o)
 .ARM.attributes
                0x00000b55       0x34 d:/ac6/systemworkbench/plugins/fr.ac6.mcu.externaltools.arm-none.win32_1.16.0.201807130628/tools/compiler/bin/../lib/gcc/arm-none-eabi/7.2.1/thumb/v7e-m/fpv4-sp/hard\libgcc.a(_udivmoddi4.o)
 .ARM.attributes
                0x00000b89       0x22 d:/ac6/systemworkbench/plugins/fr.ac6.mcu.externaltools.arm-none.win32_1.16.0.201807130628/tools/compiler/bin/../lib/gcc/arm-none-eabi/7.2.1/thumb/v7e-m/fpv4-sp/hard\libgcc.a(_dvmd_tls.o)
 .ARM.attributes
                0x00000bab       0x22 d:/ac6/systemworkbench/plugins/fr.ac6.mcu.externaltools.arm-none.win32_1.16.0.201807130628/tools/compiler/bin/../lib/gcc/arm-none-eabi/7.2.1/thumb/v7e-m/fpv4-sp/hard/crtn.o
OUTPUT(STM32_FreeRTOS_Queue_CMD_App.elf elf32-littlearm)

.debug_info     0x00000000    0x139cc
 .debug_info    0x00000000      0x358 StdPeriph_Driver/src/stm32f4xx_exti.o
 .debug_info    0x00000358      0x62b StdPeriph_Driver/src/stm32f4xx_gpio.o
 .debug_info    0x00000983      0xf8e StdPeriph_Driver/src/stm32f4xx_rcc.o
 .debug_info    0x00001911     0x10f6 StdPeriph_Driver/src/stm32f4xx_rtc.o
 .debug_info    0x00002a07      0x2a6 StdPeriph_Driver/src/stm32f4xx_syscfg.o
 .debug_info    0x00002cad      0x9d4 StdPeriph_Driver/src/stm32f4xx_usart.o
 .debug_info    0x00003681      0xadb Third-Party/FreeRTOS/org/Source/list.o
 .debug_info    0x0000415c     0x1f3a Third-Party/FreeRTOS/org/Source/queue.o
 .debug_info    0x00006096     0x27c4 Third-Party/FreeRTOS/org/Source/tasks.o
 .debug_info    0x0000885a     0x1407 Third-Party/FreeRTOS/org/Source/timers.o
 .debug_info    0x00009c61      0x533 Third-Party/FreeRTOS/org/Source/portable/GCC/ARM_CM4F/port.o
 .debug_info    0x0000a194      0xbfc Third-Party/FreeRTOS/org/Source/portable/MemMang/heap_4.o
 .debug_info    0x0000ad90      0xb8d Third-Party/SEGGER/OS/SEGGER_SYSVIEW_FreeRTOS.o
 .debug_info    0x0000b91d     0x16b9 Third-Party/SEGGER/SEGGER/SEGGER_RTT.o
 .debug_info    0x0000cfd6     0x3aea Third-Party/SEGGER/SEGGER/SEGGER_SYSVIEW.o
 .debug_info    0x00010ac0     0x199b src/main.o
 .debug_info    0x0001245b      0xf2e src/syscalls.o
 .debug_info    0x00013389      0x621 src/system_stm32f4xx.o
 .debug_info    0x000139aa       0x22 startup/startup_stm32.o

.debug_abbrev   0x00000000     0x2aa9
 .debug_abbrev  0x00000000      0x1c3 StdPeriph_Driver/src/stm32f4xx_exti.o
 .debug_abbrev  0x000001c3      0x1bf StdPeriph_Driver/src/stm32f4xx_gpio.o
 .debug_abbrev  0x00000382      0x1d4 StdPeriph_Driver/src/stm32f4xx_rcc.o
 .debug_abbrev  0x00000556      0x1e2 StdPeriph_Driver/src/stm32f4xx_rtc.o
 .debug_abbrev  0x00000738      0x14b StdPeriph_Driver/src/stm32f4xx_syscfg.o
 .debug_abbrev  0x00000883      0x187 StdPeriph_Driver/src/stm32f4xx_usart.o
 .debug_abbrev  0x00000a0a      0x205 Third-Party/FreeRTOS/org/Source/list.o
 .debug_abbrev  0x00000c0f      0x352 Third-Party/FreeRTOS/org/Source/queue.o
 .debug_abbrev  0x00000f61      0x395 Third-Party/FreeRTOS/org/Source/tasks.o
 .debug_abbrev  0x000012f6      0x2fe Third-Party/FreeRTOS/org/Source/timers.o
 .debug_abbrev  0x000015f4      0x210 Third-Party/FreeRTOS/org/Source/portable/GCC/ARM_CM4F/port.o
 .debug_abbrev  0x00001804      0x2d4 Third-Party/FreeRTOS/org/Source/portable/MemMang/heap_4.o
 .debug_abbrev  0x00001ad8      0x223 Third-Party/SEGGER/OS/SEGGER_SYSVIEW_FreeRTOS.o
 .debug_abbrev  0x00001cfb      0x2d6 Third-Party/SEGGER/SEGGER/SEGGER_RTT.o
 .debug_abbrev  0x00001fd1      0x336 Third-Party/SEGGER/SEGGER/SEGGER_SYSVIEW.o
 .debug_abbrev  0x00002307      0x389 src/main.o
 .debug_abbrev  0x00002690      0x2aa src/syscalls.o
 .debug_abbrev  0x0000293a      0x15d src/system_stm32f4xx.o
 .debug_abbrev  0x00002a97       0x12 startup/startup_stm32.o

.debug_aranges  0x00000000     0x1090
 .debug_aranges
                0x00000000       0x58 StdPeriph_Driver/src/stm32f4xx_exti.o
 .debug_aranges
                0x00000058       0x88 StdPeriph_Driver/src/stm32f4xx_gpio.o
 .debug_aranges
                0x000000e0      0x1e8 StdPeriph_Driver/src/stm32f4xx_rcc.o
 .debug_aranges
                0x000002c8      0x1e0 StdPeriph_Driver/src/stm32f4xx_rtc.o
 .debug_aranges
                0x000004a8       0x50 StdPeriph_Driver/src/stm32f4xx_syscfg.o
 .debug_aranges
                0x000004f8      0x100 StdPeriph_Driver/src/stm32f4xx_usart.o
 .debug_aranges
                0x000005f8       0x40 Third-Party/FreeRTOS/org/Source/list.o
 .debug_aranges
                0x00000638      0x130 Third-Party/FreeRTOS/org/Source/queue.o
 .debug_aranges
                0x00000768      0x1f8 Third-Party/FreeRTOS/org/Source/tasks.o
 .debug_aranges
                0x00000960       0xc8 Third-Party/FreeRTOS/org/Source/timers.o
 .debug_aranges
                0x00000a28       0x80 Third-Party/FreeRTOS/org/Source/portable/GCC/ARM_CM4F/port.o
 .debug_aranges
                0x00000aa8       0x50 Third-Party/FreeRTOS/org/Source/portable/MemMang/heap_4.o
 .debug_aranges
                0x00000af8       0x48 Third-Party/SEGGER/OS/SEGGER_SYSVIEW_FreeRTOS.o
 .debug_aranges
                0x00000b40      0x110 Third-Party/SEGGER/SEGGER/SEGGER_RTT.o
 .debug_aranges
                0x00000c50      0x268 Third-Party/SEGGER/SEGGER/SEGGER_SYSVIEW.o
 .debug_aranges
                0x00000eb8       0xd0 src/main.o
 .debug_aranges
                0x00000f88       0xb0 src/syscalls.o
 .debug_aranges
                0x00001038       0x30 src/system_stm32f4xx.o
 .debug_aranges
                0x00001068       0x28 startup/startup_stm32.o

.debug_ranges   0x00000000      0xf68
 .debug_ranges  0x00000000       0x48 StdPeriph_Driver/src/stm32f4xx_exti.o
 .debug_ranges  0x00000048       0x78 StdPeriph_Driver/src/stm32f4xx_gpio.o
 .debug_ranges  0x000000c0      0x1d8 StdPeriph_Driver/src/stm32f4xx_rcc.o
 .debug_ranges  0x00000298      0x1d0 StdPeriph_Driver/src/stm32f4xx_rtc.o
 .debug_ranges  0x00000468       0x40 StdPeriph_Driver/src/stm32f4xx_syscfg.o
 .debug_ranges  0x000004a8       0xf0 StdPeriph_Driver/src/stm32f4xx_usart.o
 .debug_ranges  0x00000598       0x30 Third-Party/FreeRTOS/org/Source/list.o
 .debug_ranges  0x000005c8      0x120 Third-Party/FreeRTOS/org/Source/queue.o
 .debug_ranges  0x000006e8      0x1e8 Third-Party/FreeRTOS/org/Source/tasks.o
 .debug_ranges  0x000008d0       0xb8 Third-Party/FreeRTOS/org/Source/timers.o
 .debug_ranges  0x00000988       0x70 Third-Party/FreeRTOS/org/Source/portable/GCC/ARM_CM4F/port.o
 .debug_ranges  0x000009f8       0x40 Third-Party/FreeRTOS/org/Source/portable/MemMang/heap_4.o
 .debug_ranges  0x00000a38       0x38 Third-Party/SEGGER/OS/SEGGER_SYSVIEW_FreeRTOS.o
 .debug_ranges  0x00000a70      0x100 Third-Party/SEGGER/SEGGER/SEGGER_RTT.o
 .debug_ranges  0x00000b70      0x258 Third-Party/SEGGER/SEGGER/SEGGER_SYSVIEW.o
 .debug_ranges  0x00000dc8       0xc0 src/main.o
 .debug_ranges  0x00000e88       0xa0 src/syscalls.o
 .debug_ranges  0x00000f28       0x20 src/system_stm32f4xx.o
 .debug_ranges  0x00000f48       0x20 startup/startup_stm32.o

.debug_macro    0x00000000     0x443f
 .debug_macro   0x00000000      0x1fe StdPeriph_Driver/src/stm32f4xx_exti.o
 .debug_macro   0x000001fe       0xaf StdPeriph_Driver/src/stm32f4xx_exti.o
 .debug_macro   0x000002ad      0x1fc StdPeriph_Driver/src/stm32f4xx_gpio.o
 .debug_macro   0x000004a9      0x33b StdPeriph_Driver/src/stm32f4xx_gpio.o
 .debug_macro   0x000007e4      0x2cb StdPeriph_Driver/src/stm32f4xx_rcc.o
 .debug_macro   0x00000aaf      0x238 StdPeriph_Driver/src/stm32f4xx_rtc.o
 .debug_macro   0x00000ce7      0x598 StdPeriph_Driver/src/stm32f4xx_rtc.o
 .debug_macro   0x0000127f      0x24a StdPeriph_Driver/src/stm32f4xx_syscfg.o
 .debug_macro   0x000014c9      0x10e StdPeriph_Driver/src/stm32f4xx_syscfg.o
 .debug_macro   0x000015d7      0x214 StdPeriph_Driver/src/stm32f4xx_usart.o
 .debug_macro   0x000017eb      0x21d StdPeriph_Driver/src/stm32f4xx_usart.o
 .debug_macro   0x00001a08      0x1ba Third-Party/FreeRTOS/org/Source/list.o
 .debug_macro   0x00001bc2      0x244 Third-Party/FreeRTOS/org/Source/queue.o
 .debug_macro   0x00001e06       0x16 Third-Party/FreeRTOS/org/Source/queue.o
 .debug_macro   0x00001e1c       0x35 Third-Party/FreeRTOS/org/Source/queue.o
 .debug_macro   0x00001e51       0x80 Third-Party/FreeRTOS/org/Source/queue.o
 .debug_macro   0x00001ed1      0x2b5 Third-Party/FreeRTOS/org/Source/tasks.o
 .debug_macro   0x00002186       0x10 Third-Party/FreeRTOS/org/Source/tasks.o
 .debug_macro   0x00002196      0x1fd Third-Party/FreeRTOS/org/Source/timers.o
 .debug_macro   0x00002393       0x97 Third-Party/FreeRTOS/org/Source/timers.o
 .debug_macro   0x0000242a      0x1d6 Third-Party/FreeRTOS/org/Source/portable/GCC/ARM_CM4F/port.o
 .debug_macro   0x00002600      0x1e1 Third-Party/FreeRTOS/org/Source/portable/MemMang/heap_4.o
 .debug_macro   0x000027e1      0x1d0 Third-Party/SEGGER/OS/SEGGER_SYSVIEW_FreeRTOS.o
 .debug_macro   0x000029b1      0x164 Third-Party/SEGGER/SEGGER/SEGGER_RTT.o
 .debug_macro   0x00002b15       0x4f Third-Party/SEGGER/SEGGER/SEGGER_RTT.o
 .debug_macro   0x00002b64      0x115 Third-Party/SEGGER/SEGGER/SEGGER_RTT.o
 .debug_macro   0x00002c79      0x1f8 Third-Party/SEGGER/SEGGER/SEGGER_SYSVIEW.o
 .debug_macro   0x00002e71       0x65 Third-Party/SEGGER/SEGGER/SEGGER_SYSVIEW.o
 .debug_macro   0x00002ed6       0x35 Third-Party/SEGGER/SEGGER/SEGGER_SYSVIEW.o
 .debug_macro   0x00002f0b      0x11b Third-Party/SEGGER/SEGGER/SEGGER_SYSVIEW.o
 .debug_macro   0x00003026      0x461 src/main.o
 .debug_macro   0x00003487       0x1c src/main.o
 .debug_macro   0x000034a3       0x10 src/main.o
 .debug_macro   0x000034b3       0x10 src/main.o
 .debug_macro   0x000034c3       0x1c src/main.o
 .debug_macro   0x000034df       0x52 src/main.o
 .debug_macro   0x00003531       0x40 src/main.o
 .debug_macro   0x00003571       0x10 src/main.o
 .debug_macro   0x00003581       0x40 src/main.o
 .debug_macro   0x000035c1       0xd7 src/main.o
 .debug_macro   0x00003698       0x1c src/main.o
 .debug_macro   0x000036b4       0x3d src/main.o
 .debug_macro   0x000036f1       0x16 src/main.o
 .debug_macro   0x00003707      0x16f src/main.o
 .debug_macro   0x00003876      0x112 src/main.o
 .debug_macro   0x00003988       0x4c src/main.o
 .debug_macro   0x000039d4      0x243 src/syscalls.o
 .debug_macro   0x00003c17       0x10 src/syscalls.o
 .debug_macro   0x00003c27       0x10 src/syscalls.o
 .debug_macro   0x00003c37       0x10 src/syscalls.o
 .debug_macro   0x00003c47       0x35 src/syscalls.o
 .debug_macro   0x00003c7c      0x122 src/syscalls.o
 .debug_macro   0x00003d9e       0x10 src/syscalls.o
 .debug_macro   0x00003dae      0x241 src/syscalls.o
 .debug_macro   0x00003fef       0x10 src/syscalls.o
 .debug_macro   0x00003fff      0x189 src/syscalls.o
 .debug_macro   0x00004188       0x16 src/syscalls.o
 .debug_macro   0x0000419e       0x88 src/syscalls.o
 .debug_macro   0x00004226      0x219 src/system_stm32f4xx.o

.debug_line     0x00000000     0xbc56
 .debug_line    0x00000000      0x73e StdPeriph_Driver/src/stm32f4xx_exti.o
 .debug_line    0x0000073e      0x816 StdPeriph_Driver/src/stm32f4xx_gpio.o
 .debug_line    0x00000f54      0xb93 StdPeriph_Driver/src/stm32f4xx_rcc.o
 .debug_line    0x00001ae7      0xccc StdPeriph_Driver/src/stm32f4xx_rtc.o
 .debug_line    0x000027b3      0x711 StdPeriph_Driver/src/stm32f4xx_syscfg.o
 .debug_line    0x00002ec4      0x95c StdPeriph_Driver/src/stm32f4xx_usart.o
 .debug_line    0x00003820      0x6af Third-Party/FreeRTOS/org/Source/list.o
 .debug_line    0x00003ecf     0x1017 Third-Party/FreeRTOS/org/Source/queue.o
 .debug_line    0x00004ee6     0x13a0 Third-Party/FreeRTOS/org/Source/tasks.o
 .debug_line    0x00006286      0x9ef Third-Party/FreeRTOS/org/Source/timers.o
 .debug_line    0x00006c75      0x7e5 Third-Party/FreeRTOS/org/Source/portable/GCC/ARM_CM4F/port.o
 .debug_line    0x0000745a      0x795 Third-Party/FreeRTOS/org/Source/portable/MemMang/heap_4.o
 .debug_line    0x00007bef      0x740 Third-Party/SEGGER/OS/SEGGER_SYSVIEW_FreeRTOS.o
 .debug_line    0x0000832f      0x7c6 Third-Party/SEGGER/SEGGER/SEGGER_RTT.o
 .debug_line    0x00008af5     0x1699 Third-Party/SEGGER/SEGGER/SEGGER_SYSVIEW.o
 .debug_line    0x0000a18e      0xd4a src/main.o
 .debug_line    0x0000aed8      0x5df src/syscalls.o
 .debug_line    0x0000b4b7      0x723 src/system_stm32f4xx.o
 .debug_line    0x0000bbda       0x7c startup/startup_stm32.o

.debug_str      0x00000000    0x820a6
 .debug_str     0x00000000    0x6ce17 StdPeriph_Driver/src/stm32f4xx_exti.o
                              0x6d0b9 (size before relaxing)
 .debug_str     0x0006ce17      0x2c5 StdPeriph_Driver/src/stm32f4xx_gpio.o
                              0x6d1eb (size before relaxing)
 .debug_str     0x0006d0dc      0xe76 StdPeriph_Driver/src/stm32f4xx_rcc.o